[23:40:21][E][game_concepts.cpp:208]: Trying to add a Game Concept or Alias 'dominant' from concept 'dominant_family' that collides with an existing concept or alias 'dominant', this is not allowed
[23:41:42][E][jomini_script_system.cpp:303]: Script system error!
  Error: add_trait effect [ target: Not found in database class CTraitDatabase ]
  Script location: file: common/scripted_effects/awow_congenital_trait_assignments_effect.txt line: 37 (awow_assign_flat_traits_from_parents_abstracted_effect[args#4035587105])

[23:41:42][E][jomini_script_system.cpp:303]: Script system error!
  Error: add_trait effect [ target: Not found in database class CTraitDatabase ]
  Script location: file: common/scripted_effects/awow_congenital_trait_assignments_effect.txt line: 44 (awow_assign_flat_traits_from_parents_abstracted_effect[args#4035587105])

[23:41:42][E][jomini_script_system.cpp:303]: Script system error!
  Error: add_trait effect [ target: Not found in database class CTraitDatabase ]
  Script location: file: common/scripted_effects/awow_congenital_trait_assignments_effect.txt line: 37 (awow_assign_flat_traits_from_parents_abstracted_effect[args#3846983428])

[23:41:42][E][jomini_script_system.cpp:303]: Script system error!
  Error: add_trait effect [ target: Not found in database class CTraitDatabase ]
  Script location: file: common/scripted_effects/awow_congenital_trait_assignments_effect.txt line: 44 (awow_assign_flat_traits_from_parents_abstracted_effect[args#3846983428])

[23:41:42][E][jomini_script_system.cpp:303]: Script system error!
  Error: add_trait effect [ target: Not found in database class CTraitDatabase ]
  Script location: file: common/scripted_effects/awow_congenital_trait_assignments_effect.txt line: 37 (awow_assign_flat_traits_from_parents_abstracted_effect[args#755475917])

[23:41:42][E][jomini_script_system.cpp:303]: Script system error!
  Error: add_trait effect [ target: Not found in database class CTraitDatabase ]
  Script location: file: common/scripted_effects/awow_congenital_trait_assignments_effect.txt line: 44 (awow_assign_flat_traits_from_parents_abstracted_effect[args#755475917])

[23:41:42][E][jomini_script_system.cpp:303]: Script system error!
  Error: add_trait effect [ target: Not found in database class CTraitDatabase ]
  Script location: file: common/scripted_effects/awow_congenital_trait_assignments_effect.txt line: 37 (awow_assign_flat_traits_from_parents_abstracted_effect[args#3589327169])

[23:41:42][E][jomini_script_system.cpp:303]: Script system error!
  Error: add_trait effect [ target: Not found in database class CTraitDatabase ]
  Script location: file: common/scripted_effects/awow_congenital_trait_assignments_effect.txt line: 44 (awow_assign_flat_traits_from_parents_abstracted_effect[args#3589327169])

[23:41:42][E][jomini_script_system.cpp:303]: Script system error!
  Error: add_trait effect [ target: Not found in database class CTraitDatabase ]
  Script location: file: common/scripted_effects/awow_congenital_trait_assignments_effect.txt line: 37 (awow_assign_flat_traits_from_parents_abstracted_effect[args#3403581901])

[23:41:42][E][jomini_script_system.cpp:303]: Script system error!
  Error: add_trait effect [ target: Not found in database class CTraitDatabase ]
  Script location: file: common/scripted_effects/awow_congenital_trait_assignments_effect.txt line: 44 (awow_assign_flat_traits_from_parents_abstracted_effect[args#3403581901])

[23:41:42][E][jomini_script_system.cpp:303]: Script system error!
  Error: add_trait effect [ target: Not found in database class CTraitDatabase ]
  Script location: file: common/scripted_effects/awow_congenital_trait_assignments_effect.txt line: 37 (awow_assign_flat_traits_from_parents_abstracted_effect[args#1120082023])

[23:41:42][E][jomini_script_system.cpp:303]: Script system error!
  Error: add_trait effect [ target: Not found in database class CTraitDatabase ]
  Script location: file: common/scripted_effects/awow_congenital_trait_assignments_effect.txt line: 44 (awow_assign_flat_traits_from_parents_abstracted_effect[args#1120082023])

[23:41:42][E][jomini_script_system.cpp:303]: Script system error!
  Error: add_trait effect [ target: Not found in database class CTraitDatabase ]
  Script location: file: common/scripted_effects/awow_congenital_trait_assignments_effect.txt line: 37 (awow_assign_flat_traits_from_parents_abstracted_effect[args#4263641542])

[23:41:42][E][jomini_script_system.cpp:303]: Script system error!
  Error: add_trait effect [ target: Not found in database class CTraitDatabase ]
  Script location: file: common/scripted_effects/awow_congenital_trait_assignments_effect.txt line: 44 (awow_assign_flat_traits_from_parents_abstracted_effect[args#4263641542])

[23:41:42][E][jomini_script_system.cpp:303]: Script system error!
  Error: add_trait effect [ target: Not found in database class CTraitDatabase ]
  Script location: file: common/scripted_effects/awow_congenital_trait_assignments_effect.txt line: 37 (awow_assign_flat_traits_from_parents_abstracted_effect[args#3735565506])

[23:41:42][E][jomini_script_system.cpp:303]: Script system error!
  Error: add_trait effect [ target: Not found in database class CTraitDatabase ]
  Script location: file: common/scripted_effects/awow_congenital_trait_assignments_effect.txt line: 44 (awow_assign_flat_traits_from_parents_abstracted_effect[args#3735565506])

[23:41:42][E][jomini_script_system.cpp:303]: Script system error!
  Error: add_trait effect [ target: Not found in database class CTraitDatabase ]
  Script location: file: common/scripted_effects/awow_congenital_trait_assignments_effect.txt line: 37 (awow_assign_flat_traits_from_parents_abstracted_effect[args#3821737166])

[23:41:42][E][jomini_script_system.cpp:303]: Script system error!
  Error: add_trait effect [ target: Not found in database class CTraitDatabase ]
  Script location: file: common/scripted_effects/awow_congenital_trait_assignments_effect.txt line: 44 (awow_assign_flat_traits_from_parents_abstracted_effect[args#3821737166])

[23:41:42][E][jomini_script_system.cpp:303]: Script system error!
  Error: add_trait effect [ target: Not found in database class CTraitDatabase ]
  Script location: file: common/scripted_effects/awow_congenital_trait_assignments_effect.txt line: 37 (awow_assign_flat_traits_from_parents_abstracted_effect[args#1223744342])

[23:41:42][E][jomini_script_system.cpp:303]: Script system error!
  Error: add_trait effect [ target: Not found in database class CTraitDatabase ]
  Script location: file: common/scripted_effects/awow_congenital_trait_assignments_effect.txt line: 44 (awow_assign_flat_traits_from_parents_abstracted_effect[args#1223744342])

[23:41:42][E][jomini_script_system.cpp:303]: Script system error!
  Error: add_trait effect [ target: Not found in database class CTraitDatabase ]
  Script location: file: common/scripted_effects/awow_congenital_trait_assignments_effect.txt line: 37 (awow_assign_flat_traits_from_parents_abstracted_effect[args#3518406064])

[23:41:42][E][jomini_script_system.cpp:303]: Script system error!
  Error: add_trait effect [ target: Not found in database class CTraitDatabase ]
  Script location: file: common/scripted_effects/awow_congenital_trait_assignments_effect.txt line: 44 (awow_assign_flat_traits_from_parents_abstracted_effect[args#3518406064])

[23:41:42][E][jomini_script_system.cpp:303]: Script system error!
  Error: add_trait effect [ target: Not found in database class CTraitDatabase ]
  Script location: file: common/scripted_effects/awow_congenital_trait_assignments_effect.txt line: 37 (awow_assign_flat_traits_from_parents_abstracted_effect[args#2904559240])

[23:41:42][E][jomini_script_system.cpp:303]: Script system error!
  Error: add_trait effect [ target: Not found in database class CTraitDatabase ]
  Script location: file: common/scripted_effects/awow_congenital_trait_assignments_effect.txt line: 44 (awow_assign_flat_traits_from_parents_abstracted_effect[args#2904559240])

[23:41:42][E][jomini_script_system.cpp:303]: Script system error!
  Error: add_trait effect [ target: Not found in database class CTraitDatabase ]
  Script location: file: common/scripted_effects/awow_congenital_trait_assignments_effect.txt line: 37 (awow_assign_flat_traits_from_parents_abstracted_effect[args#2720977003])

[23:41:42][E][jomini_script_system.cpp:303]: Script system error!
  Error: add_trait effect [ target: Not found in database class CTraitDatabase ]
  Script location: file: common/scripted_effects/awow_congenital_trait_assignments_effect.txt line: 44 (awow_assign_flat_traits_from_parents_abstracted_effect[args#2720977003])

[23:41:42][E][jomini_script_system.cpp:303]: Script system error!
  Error: add_trait effect [ target: Not found in database class CTraitDatabase ]
  Script location: file: common/scripted_effects/awow_congenital_trait_assignments_effect.txt line: 37 (awow_assign_flat_traits_from_parents_abstracted_effect[args#2070707257])

[23:41:42][E][jomini_script_system.cpp:303]: Script system error!
  Error: add_trait effect [ target: Not found in database class CTraitDatabase ]
  Script location: file: common/scripted_effects/awow_congenital_trait_assignments_effect.txt line: 44 (awow_assign_flat_traits_from_parents_abstracted_effect[args#2070707257])

[23:41:42][E][jomini_script_system.cpp:303]: Script system error!
  Error: add_trait effect [ target: Not found in database class CTraitDatabase ]
  Script location: file: common/scripted_effects/awow_congenital_trait_assignments_effect.txt line: 37 (awow_assign_flat_traits_from_parents_abstracted_effect[args#3786680643])

[23:41:42][E][jomini_script_system.cpp:303]: Script system error!
  Error: add_trait effect [ target: Not found in database class CTraitDatabase ]
  Script location: file: common/scripted_effects/awow_congenital_trait_assignments_effect.txt line: 44 (awow_assign_flat_traits_from_parents_abstracted_effect[args#3786680643])

[23:41:42][E][jomini_script_system.cpp:303]: Script system error!
  Error: add_trait effect [ target: Not found in database class CTraitDatabase ]
  Script location: file: common/scripted_effects/awow_congenital_trait_assignments_effect.txt line: 37 (awow_assign_flat_traits_from_parents_abstracted_effect[args#3762793142])

[23:41:42][E][jomini_script_system.cpp:303]: Script system error!
  Error: add_trait effect [ target: Not found in database class CTraitDatabase ]
  Script location: file: common/scripted_effects/awow_congenital_trait_assignments_effect.txt line: 44 (awow_assign_flat_traits_from_parents_abstracted_effect[args#3762793142])

[23:41:42][E][jomini_script_system.cpp:303]: Script system error!
  Error: add_trait effect [ target: Not found in database class CTraitDatabase ]
  Script location: file: common/scripted_effects/awow_congenital_trait_assignments_effect.txt line: 37 (awow_assign_flat_traits_from_parents_abstracted_effect[args#187841176])

[23:41:42][E][jomini_script_system.cpp:303]: Script system error!
  Error: add_trait effect [ target: Not found in database class CTraitDatabase ]
  Script location: file: common/scripted_effects/awow_congenital_trait_assignments_effect.txt line: 44 (awow_assign_flat_traits_from_parents_abstracted_effect[args#187841176])

[23:41:42][E][jomini_script_system.cpp:303]: Script system error!
  Error: add_trait effect [ target: Not found in database class CTraitDatabase ]
  Script location: file: common/scripted_effects/awow_congenital_trait_assignments_effect.txt line: 37 (awow_assign_flat_traits_from_parents_abstracted_effect[args#1841718397])

[23:41:42][E][jomini_script_system.cpp:303]: Script system error!
  Error: add_trait effect [ target: Not found in database class CTraitDatabase ]
  Script location: file: common/scripted_effects/awow_congenital_trait_assignments_effect.txt line: 44 (awow_assign_flat_traits_from_parents_abstracted_effect[args#1841718397])

[23:41:42][E][jomini_script_system.cpp:303]: Script system error!
  Error: add_trait effect [ target: Not found in database class CTraitDatabase ]
  Script location: file: common/scripted_effects/awow_elf_traits_compatibility.txt line: 86 (awow_assign_elf_pure_blood_trait_from_parents_same_levels_effect)

[23:41:42][E][jomini_script_system.cpp:303]: Script system error!
  Error: add_trait effect [ target: Not found in database class CTraitDatabase ]
  Script location: file: common/scripted_effects/awow_elf_traits_compatibility.txt line: 87 (awow_assign_elf_pure_blood_trait_from_parents_same_levels_effect)

[23:41:42][E][jomini_script_system.cpp:303]: Script system error!
  Error: add_trait effect [ target: Not found in database class CTraitDatabase ]
  Script location: file: common/scripted_effects/awow_elf_traits_compatibility.txt line: 94 (awow_assign_elf_pure_blood_trait_from_parents_same_levels_effect)

[23:41:42][E][jomini_script_system.cpp:303]: Script system error!
  Error: add_trait effect [ target: Not found in database class CTraitDatabase ]
  Script location: file: common/scripted_effects/awow_elf_traits_compatibility.txt line: 95 (awow_assign_elf_pure_blood_trait_from_parents_same_levels_effect)

[23:41:42][E][jomini_script_system.cpp:303]: Script system error!
  Error: add_trait effect [ target: Not found in database class CTraitDatabase ]
  Script location: file: common/scripted_effects/awow_elf_traits_compatibility.txt line: 102 (awow_assign_elf_pure_blood_trait_from_parents_same_levels_effect)

[23:41:42][E][jomini_script_system.cpp:303]: Script system error!
  Error: add_trait effect [ target: Not found in database class CTraitDatabase ]
  Script location: file: common/scripted_effects/awow_elf_traits_compatibility.txt line: 103 (awow_assign_elf_pure_blood_trait_from_parents_same_levels_effect)

[23:41:42][E][jomini_script_system.cpp:303]: Script system error!
  Error: add_trait effect [ target: Not found in database class CTraitDatabase ]
  Script location: file: common/scripted_effects/awow_elf_traits_compatibility.txt line: 150 (awow_assign_tiered_traits_parents_different_levels_elf_effect[args#604218968])

[23:41:42][E][jomini_script_system.cpp:303]: Script system error!
  Error: awow_assign_tiered_traits_parents_different_levels_effect effect [ Arguments needed for scripted effect ]
  Script location: file: common/scripted_effects/awow_elf_traits_compatibility.txt line: 155 (awow_assign_tiered_traits_parents_different_levels_elf_effect[args#604218968])

[23:41:42][E][jomini_script_system.cpp:303]: Script system error!
  Error: add_trait effect [ target: Not found in database class CTraitDatabase ]
  Script location: file: common/scripted_effects/awow_elf_traits_compatibility.txt line: 150 (awow_assign_tiered_traits_parents_different_levels_elf_effect[args#2478725288])

[23:41:42][E][jomini_script_system.cpp:303]: Script system error!
  Error: awow_assign_tiered_traits_parents_different_levels_effect effect [ Arguments needed for scripted effect ]
  Script location: file: common/scripted_effects/awow_elf_traits_compatibility.txt line: 155 (awow_assign_tiered_traits_parents_different_levels_elf_effect[args#2478725288])

[23:41:42][E][jomini_script_system.cpp:303]: Script system error!
  Error: add_trait effect [ target: Not found in database class CTraitDatabase ]
  Script location: file: common/scripted_effects/awow_elf_traits_compatibility.txt line: 150 (awow_assign_tiered_traits_parents_different_levels_elf_effect[args#499416506])

[23:41:42][E][jomini_script_system.cpp:303]: Script system error!
  Error: awow_assign_tiered_traits_parents_different_levels_effect effect [ Arguments needed for scripted effect ]
  Script location: file: common/scripted_effects/awow_elf_traits_compatibility.txt line: 155 (awow_assign_tiered_traits_parents_different_levels_elf_effect[args#499416506])

[23:41:42][E][jomini_script_system.cpp:303]: Script system error!
  Error: add_trait effect [ target: Not found in database class CTraitDatabase ]
  Script location: file: common/scripted_effects/awow_elf_traits_compatibility.txt line: 162 (awow_assign_tiered_traits_parents_different_levels_elf_beauty_effect[args#1948476170])

[23:41:42][E][jomini_script_system.cpp:303]: Script system error!
  Error: add_trait effect [ target: Not found in database class CTraitDatabase ]
  Script location: file: common/scripted_effects/awow_elf_traits_compatibility.txt line: 163 (awow_assign_tiered_traits_parents_different_levels_elf_beauty_effect[args#1948476170])

[23:41:42][E][jomini_script_system.cpp:303]: Script system error!
  Error: add_trait effect [ target: Not found in database class CTraitDatabase ]
  Script location: file: common/scripted_effects/awow_elf_traits_compatibility.txt line: 164 (awow_assign_tiered_traits_parents_different_levels_elf_beauty_effect[args#1948476170])

[23:41:42][E][jomini_script_system.cpp:303]: Script system error!
  Error: add_trait effect [ target: Not found in database class CTraitDatabase ]
  Script location: file: common/scripted_effects/awow_elf_traits_compatibility.txt line: 170 (awow_assign_tiered_traits_parents_different_levels_elf_beauty_effect[args#1948476170])

[23:41:42][E][jomini_script_system.cpp:303]: Script system error!
  Error: add_trait effect [ target: Not found in database class CTraitDatabase ]
  Script location: file: common/scripted_effects/awow_elf_traits_compatibility.txt line: 171 (awow_assign_tiered_traits_parents_different_levels_elf_beauty_effect[args#1948476170])

[23:41:42][E][jomini_script_system.cpp:303]: Script system error!
  Error: add_trait effect [ target: Not found in database class CTraitDatabase ]
  Script location: file: common/scripted_effects/awow_elf_traits_compatibility.txt line: 172 (awow_assign_tiered_traits_parents_different_levels_elf_beauty_effect[args#1948476170])

[23:41:42][E][jomini_script_system.cpp:303]: Script system error!
  Error: add_trait effect [ target: Not found in database class CTraitDatabase ]
  Script location: file: common/scripted_effects/awow_elf_traits_compatibility.txt line: 178 (awow_assign_tiered_traits_parents_different_levels_elf_beauty_effect[args#1948476170])

[23:41:42][E][jomini_script_system.cpp:303]: Script system error!
  Error: add_trait effect [ target: Not found in database class CTraitDatabase ]
  Script location: file: common/scripted_effects/awow_elf_traits_compatibility.txt line: 179 (awow_assign_tiered_traits_parents_different_levels_elf_beauty_effect[args#1948476170])

[23:41:42][E][jomini_script_system.cpp:303]: Script system error!
  Error: add_trait effect [ target: Not found in database class CTraitDatabase ]
  Script location: file: common/scripted_effects/awow_elf_traits_compatibility.txt line: 180 (awow_assign_tiered_traits_parents_different_levels_elf_beauty_effect[args#1948476170])

[23:41:42][E][jomini_script_system.cpp:303]: Script system error!
  Error: add_trait effect [ target: Not found in database class CTraitDatabase ]
  Script location: file: common/scripted_effects/awow_elf_traits_compatibility.txt line: 162 (awow_assign_tiered_traits_parents_different_levels_elf_beauty_effect[args#1446655314])

[23:41:42][E][jomini_script_system.cpp:303]: Script system error!
  Error: add_trait effect [ target: Not found in database class CTraitDatabase ]
  Script location: file: common/scripted_effects/awow_elf_traits_compatibility.txt line: 163 (awow_assign_tiered_traits_parents_different_levels_elf_beauty_effect[args#1446655314])

[23:41:42][E][jomini_script_system.cpp:303]: Script system error!
  Error: add_trait effect [ target: Not found in database class CTraitDatabase ]
  Script location: file: common/scripted_effects/awow_elf_traits_compatibility.txt line: 164 (awow_assign_tiered_traits_parents_different_levels_elf_beauty_effect[args#1446655314])

[23:41:42][E][jomini_script_system.cpp:303]: Script system error!
  Error: add_trait effect [ target: Not found in database class CTraitDatabase ]
  Script location: file: common/scripted_effects/awow_elf_traits_compatibility.txt line: 170 (awow_assign_tiered_traits_parents_different_levels_elf_beauty_effect[args#1446655314])

[23:41:42][E][jomini_script_system.cpp:303]: Script system error!
  Error: add_trait effect [ target: Not found in database class CTraitDatabase ]
  Script location: file: common/scripted_effects/awow_elf_traits_compatibility.txt line: 171 (awow_assign_tiered_traits_parents_different_levels_elf_beauty_effect[args#1446655314])

[23:41:42][E][jomini_script_system.cpp:303]: Script system error!
  Error: add_trait effect [ target: Not found in database class CTraitDatabase ]
  Script location: file: common/scripted_effects/awow_elf_traits_compatibility.txt line: 172 (awow_assign_tiered_traits_parents_different_levels_elf_beauty_effect[args#1446655314])

[23:41:42][E][jomini_script_system.cpp:303]: Script system error!
  Error: add_trait effect [ target: Not found in database class CTraitDatabase ]
  Script location: file: common/scripted_effects/awow_elf_traits_compatibility.txt line: 178 (awow_assign_tiered_traits_parents_different_levels_elf_beauty_effect[args#1446655314])

[23:41:42][E][jomini_script_system.cpp:303]: Script system error!
  Error: add_trait effect [ target: Not found in database class CTraitDatabase ]
  Script location: file: common/scripted_effects/awow_elf_traits_compatibility.txt line: 179 (awow_assign_tiered_traits_parents_different_levels_elf_beauty_effect[args#1446655314])

[23:41:42][E][jomini_script_system.cpp:303]: Script system error!
  Error: add_trait effect [ target: Not found in database class CTraitDatabase ]
  Script location: file: common/scripted_effects/awow_elf_traits_compatibility.txt line: 180 (awow_assign_tiered_traits_parents_different_levels_elf_beauty_effect[args#1446655314])

[23:41:42][E][jomini_script_system.cpp:303]: Script system error!
  Error: add_trait effect [ target: Not found in database class CTraitDatabase ]
  Script location: file: common/scripted_effects/awow_elf_traits_compatibility.txt line: 192 (awow_assign_elf_tiered_traits_parents_different_levels_spark_gifted_effect)

[23:41:42][E][jomini_script_system.cpp:303]: Script system error!
  Error: add_trait effect [ target: Not found in database class CTraitDatabase ]
  Script location: file: common/scripted_effects/awow_elf_traits_compatibility.txt line: 193 (awow_assign_elf_tiered_traits_parents_different_levels_spark_gifted_effect)

[23:41:42][E][jomini_script_system.cpp:303]: Script system error!
  Error: add_trait effect [ target: Not found in database class CTraitDatabase ]
  Script location: file: common/scripted_effects/awow_elf_traits_compatibility.txt line: 194 (awow_assign_elf_tiered_traits_parents_different_levels_spark_gifted_effect)

[23:41:42][E][jomini_script_system.cpp:303]: Script system error!
  Error: add_trait effect [ target: Not found in database class CTraitDatabase ]
  Script location: file: common/scripted_effects/awow_elf_traits_compatibility.txt line: 200 (awow_assign_elf_tiered_traits_parents_different_levels_spark_gifted_effect)

[23:41:42][E][jomini_script_system.cpp:303]: Script system error!
  Error: add_trait effect [ target: Not found in database class CTraitDatabase ]
  Script location: file: common/scripted_effects/awow_elf_traits_compatibility.txt line: 201 (awow_assign_elf_tiered_traits_parents_different_levels_spark_gifted_effect)

[23:41:42][E][jomini_script_system.cpp:303]: Script system error!
  Error: add_trait effect [ target: Not found in database class CTraitDatabase ]
  Script location: file: common/scripted_effects/awow_elf_traits_compatibility.txt line: 202 (awow_assign_elf_tiered_traits_parents_different_levels_spark_gifted_effect)

[23:41:42][E][jomini_script_system.cpp:303]: Script system error!
  Error: add_trait effect [ target: Not found in database class CTraitDatabase ]
  Script location: file: common/scripted_effects/awow_elf_traits_compatibility.txt line: 208 (awow_assign_elf_tiered_traits_parents_different_levels_spark_gifted_effect)

[23:41:42][E][jomini_script_system.cpp:303]: Script system error!
  Error: add_trait effect [ target: Not found in database class CTraitDatabase ]
  Script location: file: common/scripted_effects/awow_elf_traits_compatibility.txt line: 209 (awow_assign_elf_tiered_traits_parents_different_levels_spark_gifted_effect)

[23:41:42][E][jomini_script_system.cpp:303]: Script system error!
  Error: add_trait effect [ target: Not found in database class CTraitDatabase ]
  Script location: file: common/scripted_effects/awow_elf_traits_compatibility.txt line: 210 (awow_assign_elf_tiered_traits_parents_different_levels_spark_gifted_effect)

[23:41:42][E][jomini_script_system.cpp:303]: Script system error!
  Error: add_trait effect [ target: Not found in database class CTraitDatabase ]
  Script location: file: common/scripted_effects/awow_elf_traits_compatibility.txt line: 237 (awow_assign_elf_purest_blood__trait_from_parents_different_levels_effect)

[23:41:42][E][jomini_script_system.cpp:303]: Script system error!
  Error: add_trait effect [ target: Not found in database class CTraitDatabase ]
  Script location: file: common/scripted_effects/awow_elf_traits_compatibility.txt line: 238 (awow_assign_elf_purest_blood__trait_from_parents_different_levels_effect)

[23:41:42][E][jomini_script_system.cpp:303]: Script system error!
  Error: add_trait effect [ target: Not found in database class CTraitDatabase ]
  Script location: file: common/scripted_effects/awow_elf_traits_compatibility.txt line: 245 (awow_assign_elf_purest_blood__trait_from_parents_different_levels_effect)

[23:41:42][E][jomini_script_system.cpp:303]: Script system error!
  Error: add_trait effect [ target: Not found in database class CTraitDatabase ]
  Script location: file: common/scripted_effects/awow_elf_traits_compatibility.txt line: 246 (awow_assign_elf_purest_blood__trait_from_parents_different_levels_effect)

[23:41:42][E][jomini_script_system.cpp:303]: Script system error!
  Error: add_trait effect [ target: Not found in database class CTraitDatabase ]
  Script location: file: common/scripted_effects/awow_elf_traits_compatibility.txt line: 252 (awow_assign_elf_purest_blood__trait_from_parents_different_levels_effect)

[23:41:42][E][jomini_script_system.cpp:303]: Script system error!
  Error: add_trait effect [ target: Not found in database class CTraitDatabase ]
  Script location: file: common/scripted_effects/awow_elf_traits_compatibility.txt line: 253 (awow_assign_elf_purest_blood__trait_from_parents_different_levels_effect)

[23:41:42][E][jomini_script_system.cpp:303]: Script system error!
  Error: add_trait effect [ target: Not found in database class CTraitDatabase ]
  Script location: file: common/scripted_effects/awow_elf_traits_compatibility.txt line: 264 (awow_assign_elf_purer_blood__trait_from_parents_different_levels_effect)

[23:41:42][E][jomini_script_system.cpp:303]: Script system error!
  Error: add_trait effect [ target: Not found in database class CTraitDatabase ]
  Script location: file: common/scripted_effects/awow_elf_traits_compatibility.txt line: 265 (awow_assign_elf_purer_blood__trait_from_parents_different_levels_effect)

[23:41:42][E][jomini_script_system.cpp:303]: Script system error!
  Error: add_trait effect [ target: Not found in database class CTraitDatabase ]
  Script location: file: common/scripted_effects/awow_elf_traits_compatibility.txt line: 271 (awow_assign_elf_purer_blood__trait_from_parents_different_levels_effect)

[23:41:42][E][jomini_script_system.cpp:303]: Script system error!
  Error: add_trait effect [ target: Not found in database class CTraitDatabase ]
  Script location: file: common/scripted_effects/awow_elf_traits_compatibility.txt line: 272 (awow_assign_elf_purer_blood__trait_from_parents_different_levels_effect)

[23:41:42][E][jomini_script_system.cpp:303]: Script system error!
  Error: add_trait effect [ target: Not found in database class CTraitDatabase ]
  Script location: file: common/scripted_effects/awow_elf_traits_compatibility.txt line: 281 (awow_assign_elf_pure_blood__trait_from_parents_different_levels_effect)

[23:41:42][E][jomini_script_system.cpp:303]: Script system error!
  Error: add_trait effect [ target: Not found in database class CTraitDatabase ]
  Script location: file: common/scripted_effects/awow_elf_traits_compatibility.txt line: 282 (awow_assign_elf_pure_blood__trait_from_parents_different_levels_effect)

[23:41:42][E][jomini_script_system.cpp:303]: Script system error!
  Error: add_trait effect [ target: Not found in database class CTraitDatabase ]
  Script location: file: common/scripted_effects/awow_elf_traits_compatibility.txt line: 320 (awow_assign_random_bloodline_trait_has_none_elf_effect)

[23:41:42][E][jomini_script_system.cpp:303]: Script system error!
  Error: add_trait effect [ target: Not found in database class CTraitDatabase ]
  Script location: file: common/scripted_effects/awow_elf_traits_compatibility.txt line: 321 (awow_assign_random_bloodline_trait_has_none_elf_effect)

[23:41:42][E][jomini_script_system.cpp:303]: Script system error!
  Error: add_trait effect [ target: Not found in database class CTraitDatabase ]
  Script location: file: common/scripted_effects/awow_elf_traits_compatibility.txt line: 322 (awow_assign_random_bloodline_trait_has_none_elf_effect)

[23:41:42][E][jomini_script_system.cpp:303]: Script system error!
  Error: add_trait effect [ target: Not found in database class CTraitDatabase ]
  Script location: file: common/scripted_effects/awow_elf_traits_compatibility.txt line: 323 (awow_assign_random_bloodline_trait_has_none_elf_effect)

[23:41:42][E][jomini_script_system.cpp:303]: Script system error!
  Error: add_trait effect [ target: Not found in database class CTraitDatabase ]
  Script location: file: common/scripted_effects/awow_elf_traits_compatibility.txt line: 324 (awow_assign_random_bloodline_trait_has_none_elf_effect)

[23:41:42][E][jomini_script_system.cpp:303]: Script system error!
  Error: add_trait effect [ target: Not found in database class CTraitDatabase ]
  Script location: file: common/scripted_effects/awow_elf_traits_compatibility.txt line: 325 (awow_assign_random_bloodline_trait_has_none_elf_effect)

[23:41:42][E][jomini_script_system.cpp:303]: Script system error!
  Error: add_trait effect [ target: Not found in database class CTraitDatabase ]
  Script location: file: common/scripted_effects/awow_elf_traits_compatibility.txt line: 337 (awow_assign_random_bloodline_trait_has_some_elf_effect)

[23:41:42][E][jomini_script_system.cpp:303]: Script system error!
  Error: add_trait effect [ target: Not found in database class CTraitDatabase ]
  Script location: file: common/scripted_effects/awow_elf_traits_compatibility.txt line: 344 (awow_assign_random_bloodline_trait_has_some_elf_effect)

[23:41:42][E][jomini_script_system.cpp:303]: Script system error!
  Error: add_trait effect [ target: Not found in database class CTraitDatabase ]
  Script location: file: common/scripted_effects/awow_elf_traits_compatibility.txt line: 351 (awow_assign_random_bloodline_trait_has_some_elf_effect)

[23:41:42][E][jomini_script_system.cpp:303]: Script system error!
  Error: add_trait effect [ target: Not found in database class CTraitDatabase ]
  Script location: file: common/scripted_effects/awow_elf_traits_compatibility.txt line: 358 (awow_assign_random_bloodline_trait_has_some_elf_effect)

[23:41:42][E][jomini_script_system.cpp:303]: Script system error!
  Error: add_trait effect [ target: Not found in database class CTraitDatabase ]
  Script location: file: common/scripted_effects/awow_elf_traits_compatibility.txt line: 365 (awow_assign_random_bloodline_trait_has_some_elf_effect)

[23:41:42][E][jomini_script_system.cpp:303]: Script system error!
  Error: add_trait effect [ target: Not found in database class CTraitDatabase ]
  Script location: file: common/scripted_effects/awow_elf_traits_compatibility.txt line: 372 (awow_assign_random_bloodline_trait_has_some_elf_effect)

[23:41:42][E][jomini_script_system.cpp:303]: Script system error!
  Error: add_trait effect [ target: Not found in database class CTraitDatabase ]
  Script location: file: common/scripted_effects/awow_elf_traits_compatibility.txt line: 404 (awow_assign_random_beauty_trait_elf_effect)

[23:41:42][E][jomini_script_system.cpp:303]: Script system error!
  Error: add_trait effect [ target: Not found in database class CTraitDatabase ]
  Script location: file: common/scripted_effects/awow_elf_traits_compatibility.txt line: 407 (awow_assign_random_beauty_trait_elf_effect)

[23:41:42][E][jomini_script_system.cpp:303]: Script system error!
  Error: add_trait effect [ target: Not found in database class CTraitDatabase ]
  Script location: file: common/scripted_effects/awow_elf_traits_compatibility.txt line: 408 (awow_assign_random_beauty_trait_elf_effect)

[23:41:42][E][jomini_script_system.cpp:303]: Script system error!
  Error: add_trait effect [ target: Not found in database class CTraitDatabase ]
  Script location: file: common/scripted_effects/awow_elf_traits_compatibility.txt line: 415 (awow_assign_random_beauty_trait_elf_effect)

[23:41:42][E][jomini_script_system.cpp:303]: Script system error!
  Error: add_trait effect [ target: Not found in database class CTraitDatabase ]
  Script location: file: common/scripted_effects/awow_elf_traits_compatibility.txt line: 418 (awow_assign_random_beauty_trait_elf_effect)

[23:41:42][E][jomini_script_system.cpp:303]: Script system error!
  Error: add_trait effect [ target: Not found in database class CTraitDatabase ]
  Script location: file: common/scripted_effects/awow_elf_traits_compatibility.txt line: 419 (awow_assign_random_beauty_trait_elf_effect)

[23:41:42][E][jomini_script_system.cpp:303]: Script system error!
  Error: add_trait effect [ target: Not found in database class CTraitDatabase ]
  Script location: file: common/scripted_effects/awow_elf_traits_compatibility.txt line: 440 (awow_assign_random_beauty_trait_elf_effect)

[23:41:42][E][jomini_script_system.cpp:303]: Script system error!
  Error: add_trait effect [ target: Not found in database class CTraitDatabase ]
  Script location: file: common/scripted_effects/awow_elf_traits_compatibility.txt line: 487 (awow_assign_random_tiered_trait_elf_abstracted_effect[args#2478725288])

[23:41:42][E][jomini_script_system.cpp:303]: Script system error!
  Error: add_trait effect [ target: Not found in database class CTraitDatabase ]
  Script location: file: common/scripted_effects/awow_elf_traits_compatibility.txt line: 487 (awow_assign_random_tiered_trait_elf_abstracted_effect[args#499416506])

[23:41:42][E][jomini_script_system.cpp:303]: Script system error!
  Error: add_trait effect [ target: Not found in database class CTraitDatabase ]
  Script location: file: common/scripted_effects/awow_elf_traits_compatibility.txt line: 508 (awow_assign_random_pure_blood_trait_elf_effect)

[23:41:42][E][jomini_script_system.cpp:303]: Script system error!
  Error: add_trait effect [ target: Not found in database class CTraitDatabase ]
  Script location: file: common/scripted_effects/awow_elf_traits_compatibility.txt line: 509 (awow_assign_random_pure_blood_trait_elf_effect)

[23:41:42][E][jomini_script_system.cpp:303]: Script system error!
  Error: add_trait effect [ target: Not found in database class CTraitDatabase ]
  Script location: file: common/scripted_effects/awow_elf_traits_compatibility.txt line: 540 (awow_assign_random_spark_gifted_trait_elf_effect)

[23:41:42][E][jomini_script_system.cpp:303]: Script system error!
  Error: add_trait effect [ target: Not found in database class CTraitDatabase ]
  Script location: file: common/scripted_effects/awow_elf_traits_compatibility.txt line: 543 (awow_assign_random_spark_gifted_trait_elf_effect)

[23:41:42][E][jomini_script_system.cpp:303]: Script system error!
  Error: add_trait effect [ target: Not found in database class CTraitDatabase ]
  Script location: file: common/scripted_effects/awow_elf_traits_compatibility.txt line: 544 (awow_assign_random_spark_gifted_trait_elf_effect)

[23:41:42][E][jomini_script_system.cpp:303]: Script system error!
  Error: add_trait effect [ target: Not found in database class CTraitDatabase ]
  Script location: file: common/scripted_effects/awow_elf_traits_compatibility.txt line: 560 (awow_assign_random_spark_gifted_trait_human_effect)

[23:41:42][E][jomini_script_system.cpp:303]: Script system error!
  Error: add_trait effect [ target: Not found in database class CTraitDatabase ]
  Script location: file: common/scripted_effects/awow_elf_traits_compatibility.txt line: 563 (awow_assign_random_spark_gifted_trait_human_effect)

[23:41:42][E][jomini_script_system.cpp:303]: Script system error!
  Error: add_trait effect [ target: Not found in database class CTraitDatabase ]
  Script location: file: common/scripted_effects/awow_elf_traits_compatibility.txt line: 564 (awow_assign_random_spark_gifted_trait_human_effect)

[23:41:42][E][jomini_script_system.cpp:303]: Script system error!
  Error: remove_trait effect [ target: Not found in database class CTraitDatabase ]
  Script location: file: common/scripted_effects/awow_elf_traits_compatibility.txt line: 604 (awow_mutate_up_alt_beauty_traits_elf_abstracted_effect[args#1948476170])

[23:41:42][E][jomini_script_system.cpp:303]: Script system error!
  Error: add_trait effect [ target: Not found in database class CTraitDatabase ]
  Script location: file: common/scripted_effects/awow_elf_traits_compatibility.txt line: 606 (awow_mutate_up_alt_beauty_traits_elf_abstracted_effect[args#1948476170])

[23:41:42][E][jomini_script_system.cpp:303]: Script system error!
  Error: add_trait effect [ target: Not found in database class CTraitDatabase ]
  Script location: file: common/scripted_effects/awow_elf_traits_compatibility.txt line: 607 (awow_mutate_up_alt_beauty_traits_elf_abstracted_effect[args#1948476170])

[23:41:42][E][jomini_script_system.cpp:303]: Script system error!
  Error: remove_trait effect [ target: Not found in database class CTraitDatabase ]
  Script location: file: common/scripted_effects/awow_elf_traits_compatibility.txt line: 612 (awow_mutate_up_alt_beauty_traits_elf_abstracted_effect[args#1948476170])

[23:41:42][E][jomini_script_system.cpp:303]: Script system error!
  Error: add_trait effect [ target: Not found in database class CTraitDatabase ]
  Script location: file: common/scripted_effects/awow_elf_traits_compatibility.txt line: 614 (awow_mutate_up_alt_beauty_traits_elf_abstracted_effect[args#1948476170])

[23:41:42][E][jomini_script_system.cpp:303]: Script system error!
  Error: add_trait effect [ target: Not found in database class CTraitDatabase ]
  Script location: file: common/scripted_effects/awow_elf_traits_compatibility.txt line: 615 (awow_mutate_up_alt_beauty_traits_elf_abstracted_effect[args#1948476170])

[23:41:42][E][jomini_script_system.cpp:303]: Script system error!
  Error: add_trait effect [ target: Not found in database class CTraitDatabase ]
  Script location: file: common/scripted_effects/awow_elf_traits_compatibility.txt line: 616 (awow_mutate_up_alt_beauty_traits_elf_abstracted_effect[args#1948476170])

[23:41:42][E][jomini_script_system.cpp:303]: Script system error!
  Error: remove_trait effect [ target: Not found in database class CTraitDatabase ]
  Script location: file: common/scripted_effects/awow_elf_traits_compatibility.txt line: 604 (awow_mutate_up_alt_beauty_traits_elf_abstracted_effect[args#1446655314])

[23:41:42][E][jomini_script_system.cpp:303]: Script system error!
  Error: add_trait effect [ target: Not found in database class CTraitDatabase ]
  Script location: file: common/scripted_effects/awow_elf_traits_compatibility.txt line: 606 (awow_mutate_up_alt_beauty_traits_elf_abstracted_effect[args#1446655314])

[23:41:42][E][jomini_script_system.cpp:303]: Script system error!
  Error: add_trait effect [ target: Not found in database class CTraitDatabase ]
  Script location: file: common/scripted_effects/awow_elf_traits_compatibility.txt line: 607 (awow_mutate_up_alt_beauty_traits_elf_abstracted_effect[args#1446655314])

[23:41:42][E][jomini_script_system.cpp:303]: Script system error!
  Error: remove_trait effect [ target: Not found in database class CTraitDatabase ]
  Script location: file: common/scripted_effects/awow_elf_traits_compatibility.txt line: 612 (awow_mutate_up_alt_beauty_traits_elf_abstracted_effect[args#1446655314])

[23:41:42][E][jomini_script_system.cpp:303]: Script system error!
  Error: add_trait effect [ target: Not found in database class CTraitDatabase ]
  Script location: file: common/scripted_effects/awow_elf_traits_compatibility.txt line: 614 (awow_mutate_up_alt_beauty_traits_elf_abstracted_effect[args#1446655314])

[23:41:42][E][jomini_script_system.cpp:303]: Script system error!
  Error: add_trait effect [ target: Not found in database class CTraitDatabase ]
  Script location: file: common/scripted_effects/awow_elf_traits_compatibility.txt line: 615 (awow_mutate_up_alt_beauty_traits_elf_abstracted_effect[args#1446655314])

[23:41:42][E][jomini_script_system.cpp:303]: Script system error!
  Error: add_trait effect [ target: Not found in database class CTraitDatabase ]
  Script location: file: common/scripted_effects/awow_elf_traits_compatibility.txt line: 616 (awow_mutate_up_alt_beauty_traits_elf_abstracted_effect[args#1446655314])

[23:41:42][E][jomini_script_system.cpp:303]: Script system error!
  Error: add_trait effect [ target: Not found in database class CTraitDatabase ]
  Script location: file: common/scripted_effects/awow_elf_traits_compatibility.txt line: 643 (awow_mutate_up_tiered_traits_elf_abstracted_effect[args#604218968])

[23:41:42][E][jomini_script_system.cpp:303]: Script system error!
  Error: add_trait effect [ target: Not found in database class CTraitDatabase ]
  Script location: file: common/scripted_effects/awow_elf_traits_compatibility.txt line: 651 (awow_mutate_up_tiered_traits_elf_abstracted_effect[args#604218968])

[23:41:42][E][jomini_script_system.cpp:303]: Script system error!
  Error: add_trait effect [ target: Not found in database class CTraitDatabase ]
  Script location: file: common/scripted_effects/awow_elf_traits_compatibility.txt line: 660 (awow_mutate_up_tiered_traits_elf_abstracted_effect[args#604218968])

[23:41:42][E][jomini_script_system.cpp:303]: Script system error!
  Error: add_trait effect [ target: Not found in database class CTraitDatabase ]
  Script location: file: common/scripted_effects/awow_elf_traits_compatibility.txt line: 670 (awow_mutate_up_tiered_traits_elf_abstracted_effect[args#604218968])

[23:41:42][E][jomini_script_system.cpp:303]: Script system error!
  Error: add_trait effect [ target: Not found in database class CTraitDatabase ]
  Script location: file: common/scripted_effects/awow_elf_traits_compatibility.txt line: 681 (awow_mutate_up_tiered_traits_elf_abstracted_effect[args#604218968])

[23:41:42][E][jomini_script_system.cpp:303]: Script system error!
  Error: add_trait effect [ target: Not found in database class CTraitDatabase ]
  Script location: file: common/scripted_effects/awow_elf_traits_compatibility.txt line: 693 (awow_mutate_up_tiered_traits_elf_abstracted_effect[args#604218968])

[23:41:42][E][jomini_script_system.cpp:303]: Script system error!
  Error: add_trait effect [ target: Not found in database class CTraitDatabase ]
  Script location: file: common/scripted_effects/awow_elf_traits_compatibility.txt line: 643 (awow_mutate_up_tiered_traits_elf_abstracted_effect[args#2478725288])

[23:41:42][E][jomini_script_system.cpp:303]: Script system error!
  Error: add_trait effect [ target: Not found in database class CTraitDatabase ]
  Script location: file: common/scripted_effects/awow_elf_traits_compatibility.txt line: 651 (awow_mutate_up_tiered_traits_elf_abstracted_effect[args#2478725288])

[23:41:42][E][jomini_script_system.cpp:303]: Script system error!
  Error: add_trait effect [ target: Not found in database class CTraitDatabase ]
  Script location: file: common/scripted_effects/awow_elf_traits_compatibility.txt line: 660 (awow_mutate_up_tiered_traits_elf_abstracted_effect[args#2478725288])

[23:41:42][E][jomini_script_system.cpp:303]: Script system error!
  Error: add_trait effect [ target: Not found in database class CTraitDatabase ]
  Script location: file: common/scripted_effects/awow_elf_traits_compatibility.txt line: 670 (awow_mutate_up_tiered_traits_elf_abstracted_effect[args#2478725288])

[23:41:42][E][jomini_script_system.cpp:303]: Script system error!
  Error: add_trait effect [ target: Not found in database class CTraitDatabase ]
  Script location: file: common/scripted_effects/awow_elf_traits_compatibility.txt line: 681 (awow_mutate_up_tiered_traits_elf_abstracted_effect[args#2478725288])

[23:41:42][E][jomini_script_system.cpp:303]: Script system error!
  Error: add_trait effect [ target: Not found in database class CTraitDatabase ]
  Script location: file: common/scripted_effects/awow_elf_traits_compatibility.txt line: 693 (awow_mutate_up_tiered_traits_elf_abstracted_effect[args#2478725288])

[23:41:42][E][jomini_script_system.cpp:303]: Script system error!
  Error: add_trait effect [ target: Not found in database class CTraitDatabase ]
  Script location: file: common/scripted_effects/awow_elf_traits_compatibility.txt line: 643 (awow_mutate_up_tiered_traits_elf_abstracted_effect[args#499416506])

[23:41:42][E][jomini_script_system.cpp:303]: Script system error!
  Error: add_trait effect [ target: Not found in database class CTraitDatabase ]
  Script location: file: common/scripted_effects/awow_elf_traits_compatibility.txt line: 651 (awow_mutate_up_tiered_traits_elf_abstracted_effect[args#499416506])

[23:41:42][E][jomini_script_system.cpp:303]: Script system error!
  Error: add_trait effect [ target: Not found in database class CTraitDatabase ]
  Script location: file: common/scripted_effects/awow_elf_traits_compatibility.txt line: 660 (awow_mutate_up_tiered_traits_elf_abstracted_effect[args#499416506])

[23:41:42][E][jomini_script_system.cpp:303]: Script system error!
  Error: add_trait effect [ target: Not found in database class CTraitDatabase ]
  Script location: file: common/scripted_effects/awow_elf_traits_compatibility.txt line: 670 (awow_mutate_up_tiered_traits_elf_abstracted_effect[args#499416506])

[23:41:42][E][jomini_script_system.cpp:303]: Script system error!
  Error: add_trait effect [ target: Not found in database class CTraitDatabase ]
  Script location: file: common/scripted_effects/awow_elf_traits_compatibility.txt line: 681 (awow_mutate_up_tiered_traits_elf_abstracted_effect[args#499416506])

[23:41:42][E][jomini_script_system.cpp:303]: Script system error!
  Error: add_trait effect [ target: Not found in database class CTraitDatabase ]
  Script location: file: common/scripted_effects/awow_elf_traits_compatibility.txt line: 693 (awow_mutate_up_tiered_traits_elf_abstracted_effect[args#499416506])

[23:41:42][E][jomini_script_system.cpp:303]: Script system error!
  Error: remove_trait effect [ target: Not found in database class CTraitDatabase ]
  Script location: file: common/scripted_effects/awow_elf_traits_compatibility.txt line: 710 (awow_mutate_up_tiered_pure_blood_group_traits_elf_effect)

[23:41:42][E][jomini_script_system.cpp:303]: Script system error!
  Error: add_trait effect [ target: Not found in database class CTraitDatabase ]
  Script location: file: common/scripted_effects/awow_elf_traits_compatibility.txt line: 712 (awow_mutate_up_tiered_pure_blood_group_traits_elf_effect)

[23:41:42][E][jomini_script_system.cpp:303]: Script system error!
  Error: add_trait effect [ target: Not found in database class CTraitDatabase ]
  Script location: file: common/scripted_effects/awow_elf_traits_compatibility.txt line: 713 (awow_mutate_up_tiered_pure_blood_group_traits_elf_effect)

[23:41:42][E][jomini_script_system.cpp:303]: Script system error!
  Error: add_trait effect [ target: Not found in database class CTraitDatabase ]
  Script location: file: common/scripted_effects/awow_elf_traits_compatibility.txt line: 720 (awow_mutate_up_tiered_pure_blood_group_traits_elf_effect)

[23:41:42][E][jomini_script_system.cpp:303]: Script system error!
  Error: add_trait effect [ target: Not found in database class CTraitDatabase ]
  Script location: file: common/scripted_effects/awow_elf_traits_compatibility.txt line: 721 (awow_mutate_up_tiered_pure_blood_group_traits_elf_effect)

[23:41:42][E][jomini_script_system.cpp:303]: Script system error!
  Error: remove_trait effect [ target: Not found in database class CTraitDatabase ]
  Script location: file: common/scripted_effects/awow_elf_traits_compatibility.txt line: 734 (awow_mutate_up_tiered_spark_gifted_traits_elf_effect)

[23:41:42][E][jomini_script_system.cpp:303]: Script system error!
  Error: add_trait effect [ target: Not found in database class CTraitDatabase ]
  Script location: file: common/scripted_effects/awow_elf_traits_compatibility.txt line: 736 (awow_mutate_up_tiered_spark_gifted_traits_elf_effect)

[23:41:42][E][jomini_script_system.cpp:303]: Script system error!
  Error: add_trait effect [ target: Not found in database class CTraitDatabase ]
  Script location: file: common/scripted_effects/awow_elf_traits_compatibility.txt line: 737 (awow_mutate_up_tiered_spark_gifted_traits_elf_effect)

[23:41:42][E][jomini_script_system.cpp:303]: Script system error!
  Error: add_trait effect [ target: Not found in database class CTraitDatabase ]
  Script location: file: common/scripted_effects/awow_elf_traits_compatibility.txt line: 744 (awow_mutate_up_tiered_spark_gifted_traits_elf_effect)

[23:41:42][E][jomini_script_system.cpp:303]: Script system error!
  Error: add_trait effect [ target: Not found in database class CTraitDatabase ]
  Script location: file: common/scripted_effects/awow_elf_traits_compatibility.txt line: 745 (awow_mutate_up_tiered_spark_gifted_traits_elf_effect)

[23:41:42][E][jomini_script_system.cpp:303]: Script system error!
  Error: add_trait effect [ target: Not found in database class CTraitDatabase ]
  Script location: file: common/scripted_effects/awow_elf_traits_compatibility.txt line: 746 (awow_mutate_up_tiered_spark_gifted_traits_elf_effect)

[23:41:42][E][jomini_script_system.cpp:303]: Script system error!
  Error: has_trait trigger [ Cannot find royal_elf_valerith in trait database ]
  Script location: file: common/scripted_effects/awow_elf_traits_compatibility.txt line: 334 (awow_assign_random_bloodline_trait_has_some_elf_effect)

[23:41:42][E][jomini_script_system.cpp:303]: Script system error!
  Error: has_trait trigger [ Cannot find royal_elf_serelion in trait database ]
  Script location: file: common/scripted_effects/awow_elf_traits_compatibility.txt line: 341 (awow_assign_random_bloodline_trait_has_some_elf_effect)

[23:41:42][E][jomini_script_system.cpp:303]: Script system error!
  Error: has_trait trigger [ Cannot find royal_elf_gwynthorn in trait database ]
  Script location: file: common/scripted_effects/awow_elf_traits_compatibility.txt line: 348 (awow_assign_random_bloodline_trait_has_some_elf_effect)

[23:41:42][E][jomini_script_system.cpp:303]: Script system error!
  Error: has_trait trigger [ Cannot find royal_elf_thundarael in trait database ]
  Script location: file: common/scripted_effects/awow_elf_traits_compatibility.txt line: 355 (awow_assign_random_bloodline_trait_has_some_elf_effect)

[23:41:42][E][jomini_script_system.cpp:303]: Script system error!
  Error: has_trait trigger [ Cannot find royal_elf_daelurin in trait database ]
  Script location: file: common/scripted_effects/awow_elf_traits_compatibility.txt line: 362 (awow_assign_random_bloodline_trait_has_some_elf_effect)

[23:41:42][E][jomini_script_system.cpp:303]: Script system error!
  Error: has_trait trigger [ Cannot find royal_elf_lormelis in trait database ]
  Script location: file: common/scripted_effects/awow_elf_traits_compatibility.txt line: 369 (awow_assign_random_bloodline_trait_has_some_elf_effect)

[23:41:42][E][jomini_script_system.cpp:303]: Script system error!
  Error: has_trait trigger [ Cannot find exotic_beauty_good_2 in trait database ]
  Script location: file: common/scripted_effects/awow_elf_traits_compatibility.txt line: 603 (awow_mutate_up_alt_beauty_traits_elf_abstracted_effect[args#1948476170])

[23:41:42][E][jomini_script_system.cpp:303]: Script system error!
  Error: has_trait trigger [ Cannot find exotic_beauty_good_1 in trait database ]
  Script location: file: common/scripted_effects/awow_elf_traits_compatibility.txt line: 611 (awow_mutate_up_alt_beauty_traits_elf_abstracted_effect[args#1948476170])

[23:41:42][E][jomini_script_system.cpp:303]: Script system error!
  Error: has_trait trigger [ Cannot find unconventional_beauty_good_2 in trait database ]
  Script location: file: common/scripted_effects/awow_elf_traits_compatibility.txt line: 603 (awow_mutate_up_alt_beauty_traits_elf_abstracted_effect[args#1446655314])

[23:41:42][E][jomini_script_system.cpp:303]: Script system error!
  Error: has_trait trigger [ Cannot find unconventional_beauty_good_1 in trait database ]
  Script location: file: common/scripted_effects/awow_elf_traits_compatibility.txt line: 611 (awow_mutate_up_alt_beauty_traits_elf_abstracted_effect[args#1446655314])

[23:41:42][E][jomini_script_system.cpp:303]: Script system error!
  Error: has_trait trigger [ Cannot find purer_blooded in trait database ]
  Script location: file: common/scripted_effects/awow_elf_traits_compatibility.txt line: 709 (awow_mutate_up_tiered_pure_blood_group_traits_elf_effect)

[23:41:42][E][jomini_script_system.cpp:303]: Script system error!
  Error: has_trait trigger [ Cannot find magic_talent_2 in trait database ]
  Script location: file: common/scripted_effects/awow_elf_traits_compatibility.txt line: 733 (awow_mutate_up_tiered_spark_gifted_traits_elf_effect)

[23:41:42][E][jomini_script_system.cpp:303]: Script system error!
  Error: has_trait trigger [ Cannot find magic_talent_1 in trait database ]
  Script location: file: common/scripted_effects/awow_elf_traits_compatibility.txt line: 741 (awow_mutate_up_tiered_spark_gifted_traits_elf_effect)

[23:41:42][E][jomini_script_system.cpp:303]: Script system error!
  Error: has_trait trigger [ Cannot find beauty_good_4 in trait database ]
  Script location: file: common/scripted_triggers/awow_genetic_trait_elf_triggers.txt line: 30 (awow_has_generic_beauty_trait_elf_trigger)

[23:41:42][E][jomini_script_system.cpp:303]: Script system error!
  Error: has_trait trigger [ Cannot find exotic_beauty_good_1 in trait database ]
  Script location: file: common/scripted_triggers/awow_genetic_trait_elf_triggers.txt line: 52 (awow_has_exotic_beauty_trait_elf_trigger)

[23:41:42][E][jomini_script_system.cpp:303]: Script system error!
  Error: has_trait trigger [ Cannot find exotic_beauty_good_2 in trait database ]
  Script location: file: common/scripted_triggers/awow_genetic_trait_elf_triggers.txt line: 53 (awow_has_exotic_beauty_trait_elf_trigger)

[23:41:42][E][jomini_script_system.cpp:303]: Script system error!
  Error: has_trait trigger [ Cannot find exotic_beauty_good_3 in trait database ]
  Script location: file: common/scripted_triggers/awow_genetic_trait_elf_triggers.txt line: 54 (awow_has_exotic_beauty_trait_elf_trigger)

[23:41:42][E][jomini_script_system.cpp:303]: Script system error!
  Error: has_trait trigger [ Cannot find unconventional_beauty_good_1 in trait database ]
  Script location: file: common/scripted_triggers/awow_genetic_trait_elf_triggers.txt line: 75 (awow_has_unconventional_beauty_trait_elf_trigger)

[23:41:42][E][jomini_script_system.cpp:303]: Script system error!
  Error: has_trait trigger [ Cannot find unconventional_beauty_good_2 in trait database ]
  Script location: file: common/scripted_triggers/awow_genetic_trait_elf_triggers.txt line: 76 (awow_has_unconventional_beauty_trait_elf_trigger)

[23:41:42][E][jomini_script_system.cpp:303]: Script system error!
  Error: has_trait trigger [ Cannot find unconventional_beauty_good_3 in trait database ]
  Script location: file: common/scripted_triggers/awow_genetic_trait_elf_triggers.txt line: 77 (awow_has_unconventional_beauty_trait_elf_trigger)

[23:41:42][E][jomini_script_system.cpp:303]: Script system error!
  Error: has_trait trigger [ Cannot find intellect_good_4 in trait database ]
  Script location: file: common/scripted_triggers/awow_genetic_trait_elf_triggers.txt line: 101 (awow_has_intellect_trait_elf_trigger)

[23:41:42][E][jomini_script_system.cpp:303]: Script system error!
  Error: has_trait trigger [ Cannot find physique_good_4 in trait database ]
  Script location: file: common/scripted_triggers/awow_genetic_trait_elf_triggers.txt line: 126 (awow_has_physique_trait_elf_trigger)

[23:41:42][E][jomini_script_system.cpp:303]: Script system error!
  Error: has_trait trigger [ Cannot find purer_blooded in trait database ]
  Script location: file: common/scripted_triggers/awow_genetic_trait_elf_triggers.txt line: 152 (awow_has_pure_blood_trait_group_elf_trigger)

[23:41:42][E][jomini_script_system.cpp:303]: Script system error!
  Error: has_trait trigger [ Cannot find purest_blooded in trait database ]
  Script location: file: common/scripted_triggers/awow_genetic_trait_elf_triggers.txt line: 153 (awow_has_pure_blood_trait_group_elf_trigger)

[23:41:42][E][jomini_script_system.cpp:303]: Script system error!
  Error: has_trait trigger [ Cannot find royal_elf_valerith in trait database ]
  Script location: file: common/scripted_triggers/awow_genetic_trait_elf_triggers.txt line: 163 (awow_has_bloodline_trait_elf_trigger)

[23:41:42][E][jomini_script_system.cpp:303]: Script system error!
  Error: has_trait trigger [ Cannot find royal_elf_serelion in trait database ]
  Script location: file: common/scripted_triggers/awow_genetic_trait_elf_triggers.txt line: 164 (awow_has_bloodline_trait_elf_trigger)

[23:41:42][E][jomini_script_system.cpp:303]: Script system error!
  Error: has_trait trigger [ Cannot find royal_elf_gwynthorn in trait database ]
  Script location: file: common/scripted_triggers/awow_genetic_trait_elf_triggers.txt line: 165 (awow_has_bloodline_trait_elf_trigger)

[23:41:42][E][jomini_script_system.cpp:303]: Script system error!
  Error: has_trait trigger [ Cannot find royal_elf_thundarael in trait database ]
  Script location: file: common/scripted_triggers/awow_genetic_trait_elf_triggers.txt line: 166 (awow_has_bloodline_trait_elf_trigger)

[23:41:42][E][jomini_script_system.cpp:303]: Script system error!
  Error: has_trait trigger [ Cannot find royal_elf_daelurin in trait database ]
  Script location: file: common/scripted_triggers/awow_genetic_trait_elf_triggers.txt line: 167 (awow_has_bloodline_trait_elf_trigger)

[23:41:42][E][jomini_script_system.cpp:303]: Script system error!
  Error: has_trait trigger [ Cannot find royal_elf_lormelis in trait database ]
  Script location: file: common/scripted_triggers/awow_genetic_trait_elf_triggers.txt line: 168 (awow_has_bloodline_trait_elf_trigger)

[23:41:42][E][jomini_script_system.cpp:303]: Script system error!
  Error: has_trait trigger [ Cannot find royal_elf_valerith in trait database ]
  Script location: file: common/scripted_triggers/awow_genetic_trait_elf_triggers.txt line: 188 (awow_has_all_bloodline_trait_elf_trigger)

[23:41:42][E][jomini_script_system.cpp:303]: Script system error!
  Error: has_trait trigger [ Cannot find royal_elf_serelion in trait database ]
  Script location: file: common/scripted_triggers/awow_genetic_trait_elf_triggers.txt line: 189 (awow_has_all_bloodline_trait_elf_trigger)

[23:41:42][E][jomini_script_system.cpp:303]: Script system error!
  Error: has_trait trigger [ Cannot find royal_elf_gwynthorn in trait database ]
  Script location: file: common/scripted_triggers/awow_genetic_trait_elf_triggers.txt line: 190 (awow_has_all_bloodline_trait_elf_trigger)

[23:41:42][E][jomini_script_system.cpp:303]: Script system error!
  Error: has_trait trigger [ Cannot find royal_elf_thundarael in trait database ]
  Script location: file: common/scripted_triggers/awow_genetic_trait_elf_triggers.txt line: 191 (awow_has_all_bloodline_trait_elf_trigger)

[23:41:42][E][jomini_script_system.cpp:303]: Script system error!
  Error: has_trait trigger [ Cannot find royal_elf_daelurin in trait database ]
  Script location: file: common/scripted_triggers/awow_genetic_trait_elf_triggers.txt line: 192 (awow_has_all_bloodline_trait_elf_trigger)

[23:41:42][E][jomini_script_system.cpp:303]: Script system error!
  Error: has_trait trigger [ Cannot find royal_elf_lormelis in trait database ]
  Script location: file: common/scripted_triggers/awow_genetic_trait_elf_triggers.txt line: 193 (awow_has_all_bloodline_trait_elf_trigger)

[23:41:42][E][jomini_script_system.cpp:303]: Script system error!
  Error: has_trait trigger [ Cannot find magic_talent_1 in trait database ]
  Script location: file: common/scripted_triggers/awow_genetic_trait_elf_triggers.txt line: 217 (awow_is_spark_gifted_elf_trigger)

[23:41:42][E][jomini_script_system.cpp:303]: Script system error!
  Error: has_trait trigger [ Cannot find magic_talent_2 in trait database ]
  Script location: file: common/scripted_triggers/awow_genetic_trait_elf_triggers.txt line: 218 (awow_is_spark_gifted_elf_trigger)

[23:41:42][E][jomini_script_system.cpp:303]: Script system error!
  Error: has_trait trigger [ Cannot find magic_talent_3 in trait database ]
  Script location: file: common/scripted_triggers/awow_genetic_trait_elf_triggers.txt line: 219 (awow_is_spark_gifted_elf_trigger)

[23:41:42][E][jomini_script_system.cpp:303]: Script system error!
  Error: has_trait trigger [ Cannot find stone_automaton in trait database ]
  Script location: file: common/scripted_triggers/awow_genetic_trait_elf_triggers.txt line: 229 (awow_is_automaton_elf_trigger)

[23:41:42][E][jomini_script_system.cpp:303]: Script system error!
  Error: has_trait trigger [ Cannot find marble_automaton in trait database ]
  Script location: file: common/scripted_triggers/awow_genetic_trait_elf_triggers.txt line: 230 (awow_is_automaton_elf_trigger)

[23:41:42][E][jomini_script_system.cpp:303]: Script system error!
  Error: has_trait trigger [ Cannot find spiritual_projection in trait database ]
  Script location: file: common/scripted_triggers/awow_genetic_trait_elf_triggers.txt line: 231 (awow_is_automaton_elf_trigger)

[23:41:42][E][jomini_script_system.cpp:303]: Script system error!
  Error: has_trait trigger [ Cannot find intellect_good_4 in trait database ]
  Script location: file: common/scripted_triggers/awow_parent_trait_triggers.txt line: 3 (awow_either_parent_has_trait_trigger[args#2070707257])

[23:41:42][E][jomini_script_system.cpp:303]: Script system error!
  Error: has_trait trigger [ Cannot find intellect_good_4 in trait database ]
  Script location: file: common/scripted_triggers/awow_parent_trait_triggers.txt line: 4 (awow_either_parent_has_trait_trigger[args#2070707257])

[23:41:42][E][jomini_script_system.cpp:303]: Script system error!
  Error: has_trait trigger [ Cannot find purer_blooded in trait database ]
  Script location: file: common/scripted_triggers/awow_parent_trait_triggers.txt line: 3 (awow_either_parent_has_trait_trigger[args#2793833016])

[23:41:42][E][jomini_script_system.cpp:303]: Script system error!
  Error: has_trait trigger [ Cannot find purer_blooded in trait database ]
  Script location: file: common/scripted_triggers/awow_parent_trait_triggers.txt line: 4 (awow_either_parent_has_trait_trigger[args#2793833016])

[23:41:42][E][jomini_script_system.cpp:303]: Script system error!
  Error: has_trait trigger [ Cannot find magic_talent_3 in trait database ]
  Script location: file: common/scripted_triggers/awow_parent_trait_triggers.txt line: 3 (awow_either_parent_has_trait_trigger[args#3762793142])

[23:41:42][E][jomini_script_system.cpp:303]: Script system error!
  Error: has_trait trigger [ Cannot find magic_talent_3 in trait database ]
  Script location: file: common/scripted_triggers/awow_parent_trait_triggers.txt line: 4 (awow_either_parent_has_trait_trigger[args#3762793142])

[23:41:42][E][jomini_script_system.cpp:303]: Script system error!
  Error: has_trait trigger [ Cannot find unconventional_beauty_good_2 in trait database ]
  Script location: file: common/scripted_triggers/awow_parent_trait_triggers.txt line: 3 (awow_either_parent_has_trait_trigger[args#3518406064])

[23:41:42][E][jomini_script_system.cpp:303]: Script system error!
  Error: has_trait trigger [ Cannot find unconventional_beauty_good_2 in trait database ]
  Script location: file: common/scripted_triggers/awow_parent_trait_triggers.txt line: 4 (awow_either_parent_has_trait_trigger[args#3518406064])

[23:41:42][E][jomini_script_system.cpp:303]: Script system error!
  Error: has_trait trigger [ Cannot find royal_elf_serelion in trait database ]
  Script location: file: common/scripted_triggers/awow_parent_trait_triggers.txt line: 3 (awow_either_parent_has_trait_trigger[args#3846983428])

[23:41:42][E][jomini_script_system.cpp:303]: Script system error!
  Error: has_trait trigger [ Cannot find royal_elf_serelion in trait database ]
  Script location: file: common/scripted_triggers/awow_parent_trait_triggers.txt line: 4 (awow_either_parent_has_trait_trigger[args#3846983428])

[23:41:42][E][jomini_script_system.cpp:303]: Script system error!
  Error: has_trait trigger [ Cannot find exotic_beauty_good_1 in trait database ]
  Script location: file: common/scripted_triggers/awow_parent_trait_triggers.txt line: 3 (awow_either_parent_has_trait_trigger[args#3821737166])

[23:41:42][E][jomini_script_system.cpp:303]: Script system error!
  Error: has_trait trigger [ Cannot find exotic_beauty_good_1 in trait database ]
  Script location: file: common/scripted_triggers/awow_parent_trait_triggers.txt line: 4 (awow_either_parent_has_trait_trigger[args#3821737166])

[23:41:42][E][jomini_script_system.cpp:303]: Script system error!
  Error: has_trait trigger [ Cannot find purest_blooded in trait database ]
  Script location: file: common/scripted_triggers/awow_parent_trait_triggers.txt line: 3 (awow_either_parent_has_trait_trigger[args#440824334])

[23:41:42][E][jomini_script_system.cpp:303]: Script system error!
  Error: has_trait trigger [ Cannot find purest_blooded in trait database ]
  Script location: file: common/scripted_triggers/awow_parent_trait_triggers.txt line: 4 (awow_either_parent_has_trait_trigger[args#440824334])

[23:41:42][E][jomini_script_system.cpp:303]: Script system error!
  Error: has_trait trigger [ Cannot find unconventional_beauty_good_1 in trait database ]
  Script location: file: common/scripted_triggers/awow_parent_trait_triggers.txt line: 3 (awow_either_parent_has_trait_trigger[args#2904559240])

[23:41:42][E][jomini_script_system.cpp:303]: Script system error!
  Error: has_trait trigger [ Cannot find unconventional_beauty_good_1 in trait database ]
  Script location: file: common/scripted_triggers/awow_parent_trait_triggers.txt line: 4 (awow_either_parent_has_trait_trigger[args#2904559240])

[23:41:42][E][jomini_script_system.cpp:303]: Script system error!
  Error: has_trait trigger [ Cannot find physique_good_4 in trait database ]
  Script location: file: common/scripted_triggers/awow_parent_trait_triggers.txt line: 3 (awow_either_parent_has_trait_trigger[args#3786680643])

[23:41:42][E][jomini_script_system.cpp:303]: Script system error!
  Error: has_trait trigger [ Cannot find physique_good_4 in trait database ]
  Script location: file: common/scripted_triggers/awow_parent_trait_triggers.txt line: 4 (awow_either_parent_has_trait_trigger[args#3786680643])

[23:41:42][E][jomini_script_system.cpp:303]: Script system error!
  Error: has_trait trigger [ Cannot find exotic_beauty_good_2 in trait database ]
  Script location: file: common/scripted_triggers/awow_parent_trait_triggers.txt line: 3 (awow_either_parent_has_trait_trigger[args#3735565506])

[23:41:42][E][jomini_script_system.cpp:303]: Script system error!
  Error: has_trait trigger [ Cannot find exotic_beauty_good_2 in trait database ]
  Script location: file: common/scripted_triggers/awow_parent_trait_triggers.txt line: 4 (awow_either_parent_has_trait_trigger[args#3735565506])

[23:41:42][E][jomini_script_system.cpp:303]: Script system error!
  Error: has_trait trigger [ Cannot find magic_talent_1 in trait database ]
  Script location: file: common/scripted_triggers/awow_parent_trait_triggers.txt line: 3 (awow_either_parent_has_trait_trigger[args#1841718397])

[23:41:42][E][jomini_script_system.cpp:303]: Script system error!
  Error: has_trait trigger [ Cannot find magic_talent_1 in trait database ]
  Script location: file: common/scripted_triggers/awow_parent_trait_triggers.txt line: 4 (awow_either_parent_has_trait_trigger[args#1841718397])

[23:41:42][E][jomini_script_system.cpp:303]: Script system error!
  Error: has_trait trigger [ Cannot find exotic_beauty_good_3 in trait database ]
  Script location: file: common/scripted_triggers/awow_parent_trait_triggers.txt line: 3 (awow_either_parent_has_trait_trigger[args#4263641542])

[23:41:42][E][jomini_script_system.cpp:303]: Script system error!
  Error: has_trait trigger [ Cannot find exotic_beauty_good_3 in trait database ]
  Script location: file: common/scripted_triggers/awow_parent_trait_triggers.txt line: 4 (awow_either_parent_has_trait_trigger[args#4263641542])

[23:41:42][E][jomini_script_system.cpp:303]: Script system error!
  Error: has_trait trigger [ Cannot find royal_elf_thundarael in trait database ]
  Script location: file: common/scripted_triggers/awow_parent_trait_triggers.txt line: 3 (awow_either_parent_has_trait_trigger[args#3589327169])

[23:41:42][E][jomini_script_system.cpp:303]: Script system error!
  Error: has_trait trigger [ Cannot find royal_elf_thundarael in trait database ]
  Script location: file: common/scripted_triggers/awow_parent_trait_triggers.txt line: 4 (awow_either_parent_has_trait_trigger[args#3589327169])

[23:41:42][E][jomini_script_system.cpp:303]: Script system error!
  Error: has_trait trigger [ Cannot find magic_talent_2 in trait database ]
  Script location: file: common/scripted_triggers/awow_parent_trait_triggers.txt line: 3 (awow_either_parent_has_trait_trigger[args#187841176])

[23:41:42][E][jomini_script_system.cpp:303]: Script system error!
  Error: has_trait trigger [ Cannot find magic_talent_2 in trait database ]
  Script location: file: common/scripted_triggers/awow_parent_trait_triggers.txt line: 4 (awow_either_parent_has_trait_trigger[args#187841176])

[23:41:42][E][jomini_script_system.cpp:303]: Script system error!
  Error: has_trait trigger [ Cannot find royal_elf_gwynthorn in trait database ]
  Script location: file: common/scripted_triggers/awow_parent_trait_triggers.txt line: 3 (awow_either_parent_has_trait_trigger[args#755475917])

[23:41:42][E][jomini_script_system.cpp:303]: Script system error!
  Error: has_trait trigger [ Cannot find royal_elf_gwynthorn in trait database ]
  Script location: file: common/scripted_triggers/awow_parent_trait_triggers.txt line: 4 (awow_either_parent_has_trait_trigger[args#755475917])

[23:41:42][E][jomini_script_system.cpp:303]: Script system error!
  Error: has_trait trigger [ Cannot find royal_elf_daelurin in trait database ]
  Script location: file: common/scripted_triggers/awow_parent_trait_triggers.txt line: 3 (awow_either_parent_has_trait_trigger[args#3403581901])

[23:41:42][E][jomini_script_system.cpp:303]: Script system error!
  Error: has_trait trigger [ Cannot find royal_elf_daelurin in trait database ]
  Script location: file: common/scripted_triggers/awow_parent_trait_triggers.txt line: 4 (awow_either_parent_has_trait_trigger[args#3403581901])

[23:41:42][E][jomini_script_system.cpp:303]: Script system error!
  Error: has_trait trigger [ Cannot find unconventional_beauty_good_3 in trait database ]
  Script location: file: common/scripted_triggers/awow_parent_trait_triggers.txt line: 3 (awow_either_parent_has_trait_trigger[args#1223744342])

[23:41:42][E][jomini_script_system.cpp:303]: Script system error!
  Error: has_trait trigger [ Cannot find unconventional_beauty_good_3 in trait database ]
  Script location: file: common/scripted_triggers/awow_parent_trait_triggers.txt line: 4 (awow_either_parent_has_trait_trigger[args#1223744342])

[23:41:42][E][jomini_script_system.cpp:303]: Script system error!
  Error: has_trait trigger [ Cannot find beauty_good_4 in trait database ]
  Script location: file: common/scripted_triggers/awow_parent_trait_triggers.txt line: 3 (awow_either_parent_has_trait_trigger[args#2720977003])

[23:41:42][E][jomini_script_system.cpp:303]: Script system error!
  Error: has_trait trigger [ Cannot find beauty_good_4 in trait database ]
  Script location: file: common/scripted_triggers/awow_parent_trait_triggers.txt line: 4 (awow_either_parent_has_trait_trigger[args#2720977003])

[23:41:42][E][jomini_script_system.cpp:303]: Script system error!
  Error: has_trait trigger [ Cannot find royal_elf_lormelis in trait database ]
  Script location: file: common/scripted_triggers/awow_parent_trait_triggers.txt line: 3 (awow_either_parent_has_trait_trigger[args#1120082023])

[23:41:42][E][jomini_script_system.cpp:303]: Script system error!
  Error: has_trait trigger [ Cannot find royal_elf_lormelis in trait database ]
  Script location: file: common/scripted_triggers/awow_parent_trait_triggers.txt line: 4 (awow_either_parent_has_trait_trigger[args#1120082023])

[23:41:42][E][jomini_script_system.cpp:303]: Script system error!
  Error: has_trait trigger [ Cannot find royal_elf_valerith in trait database ]
  Script location: file: common/scripted_triggers/awow_parent_trait_triggers.txt line: 3 (awow_either_parent_has_trait_trigger[args#4035587105])

[23:41:42][E][jomini_script_system.cpp:303]: Script system error!
  Error: has_trait trigger [ Cannot find royal_elf_valerith in trait database ]
  Script location: file: common/scripted_triggers/awow_parent_trait_triggers.txt line: 4 (awow_either_parent_has_trait_trigger[args#4035587105])

[23:41:42][E][jomini_script_system.cpp:303]: Script system error!
  Error: has_trait trigger [ Cannot find intellect_good_4 in trait database ]
  Script location: file: common/scripted_triggers/awow_parent_trait_triggers.txt line: 10 (awow_both_parents_have_trait_trigger[args#2070707257])

[23:41:42][E][jomini_script_system.cpp:303]: Script system error!
  Error: has_trait trigger [ Cannot find intellect_good_4 in trait database ]
  Script location: file: common/scripted_triggers/awow_parent_trait_triggers.txt line: 11 (awow_both_parents_have_trait_trigger[args#2070707257])

[23:41:42][E][jomini_script_system.cpp:303]: Script system error!
  Error: has_trait trigger [ Cannot find purer_blooded in trait database ]
  Script location: file: common/scripted_triggers/awow_parent_trait_triggers.txt line: 10 (awow_both_parents_have_trait_trigger[args#2793833016])

[23:41:42][E][jomini_script_system.cpp:303]: Script system error!
  Error: has_trait trigger [ Cannot find purer_blooded in trait database ]
  Script location: file: common/scripted_triggers/awow_parent_trait_triggers.txt line: 11 (awow_both_parents_have_trait_trigger[args#2793833016])

[23:41:42][E][jomini_script_system.cpp:303]: Script system error!
  Error: has_trait trigger [ Cannot find magic_talent_3 in trait database ]
  Script location: file: common/scripted_triggers/awow_parent_trait_triggers.txt line: 10 (awow_both_parents_have_trait_trigger[args#3762793142])

[23:41:42][E][jomini_script_system.cpp:303]: Script system error!
  Error: has_trait trigger [ Cannot find magic_talent_3 in trait database ]
  Script location: file: common/scripted_triggers/awow_parent_trait_triggers.txt line: 11 (awow_both_parents_have_trait_trigger[args#3762793142])

[23:41:42][E][jomini_script_system.cpp:303]: Script system error!
  Error: has_trait trigger [ Cannot find unconventional_beauty_good_2 in trait database ]
  Script location: file: common/scripted_triggers/awow_parent_trait_triggers.txt line: 10 (awow_both_parents_have_trait_trigger[args#3518406064])

[23:41:42][E][jomini_script_system.cpp:303]: Script system error!
  Error: has_trait trigger [ Cannot find unconventional_beauty_good_2 in trait database ]
  Script location: file: common/scripted_triggers/awow_parent_trait_triggers.txt line: 11 (awow_both_parents_have_trait_trigger[args#3518406064])

[23:41:42][E][jomini_script_system.cpp:303]: Script system error!
  Error: has_trait trigger [ Cannot find royal_elf_serelion in trait database ]
  Script location: file: common/scripted_triggers/awow_parent_trait_triggers.txt line: 10 (awow_both_parents_have_trait_trigger[args#3846983428])

[23:41:42][E][jomini_script_system.cpp:303]: Script system error!
  Error: has_trait trigger [ Cannot find royal_elf_serelion in trait database ]
  Script location: file: common/scripted_triggers/awow_parent_trait_triggers.txt line: 11 (awow_both_parents_have_trait_trigger[args#3846983428])

[23:41:42][E][jomini_script_system.cpp:303]: Script system error!
  Error: has_trait trigger [ Cannot find exotic_beauty_good_1 in trait database ]
  Script location: file: common/scripted_triggers/awow_parent_trait_triggers.txt line: 10 (awow_both_parents_have_trait_trigger[args#3821737166])

[23:41:42][E][jomini_script_system.cpp:303]: Script system error!
  Error: has_trait trigger [ Cannot find exotic_beauty_good_1 in trait database ]
  Script location: file: common/scripted_triggers/awow_parent_trait_triggers.txt line: 11 (awow_both_parents_have_trait_trigger[args#3821737166])

[23:41:42][E][jomini_script_system.cpp:303]: Script system error!
  Error: has_trait trigger [ Cannot find purest_blooded in trait database ]
  Script location: file: common/scripted_triggers/awow_parent_trait_triggers.txt line: 10 (awow_both_parents_have_trait_trigger[args#440824334])

[23:41:42][E][jomini_script_system.cpp:303]: Script system error!
  Error: has_trait trigger [ Cannot find purest_blooded in trait database ]
  Script location: file: common/scripted_triggers/awow_parent_trait_triggers.txt line: 11 (awow_both_parents_have_trait_trigger[args#440824334])

[23:41:42][E][jomini_script_system.cpp:303]: Script system error!
  Error: has_trait trigger [ Cannot find unconventional_beauty_good_1 in trait database ]
  Script location: file: common/scripted_triggers/awow_parent_trait_triggers.txt line: 10 (awow_both_parents_have_trait_trigger[args#2904559240])

[23:41:42][E][jomini_script_system.cpp:303]: Script system error!
  Error: has_trait trigger [ Cannot find unconventional_beauty_good_1 in trait database ]
  Script location: file: common/scripted_triggers/awow_parent_trait_triggers.txt line: 11 (awow_both_parents_have_trait_trigger[args#2904559240])

[23:41:42][E][jomini_script_system.cpp:303]: Script system error!
  Error: has_trait trigger [ Cannot find physique_good_4 in trait database ]
  Script location: file: common/scripted_triggers/awow_parent_trait_triggers.txt line: 10 (awow_both_parents_have_trait_trigger[args#3786680643])

[23:41:42][E][jomini_script_system.cpp:303]: Script system error!
  Error: has_trait trigger [ Cannot find physique_good_4 in trait database ]
  Script location: file: common/scripted_triggers/awow_parent_trait_triggers.txt line: 11 (awow_both_parents_have_trait_trigger[args#3786680643])

[23:41:42][E][jomini_script_system.cpp:303]: Script system error!
  Error: has_trait trigger [ Cannot find exotic_beauty_good_2 in trait database ]
  Script location: file: common/scripted_triggers/awow_parent_trait_triggers.txt line: 10 (awow_both_parents_have_trait_trigger[args#3735565506])

[23:41:42][E][jomini_script_system.cpp:303]: Script system error!
  Error: has_trait trigger [ Cannot find exotic_beauty_good_2 in trait database ]
  Script location: file: common/scripted_triggers/awow_parent_trait_triggers.txt line: 11 (awow_both_parents_have_trait_trigger[args#3735565506])

[23:41:42][E][jomini_script_system.cpp:303]: Script system error!
  Error: has_trait trigger [ Cannot find magic_talent_1 in trait database ]
  Script location: file: common/scripted_triggers/awow_parent_trait_triggers.txt line: 10 (awow_both_parents_have_trait_trigger[args#1841718397])

[23:41:42][E][jomini_script_system.cpp:303]: Script system error!
  Error: has_trait trigger [ Cannot find magic_talent_1 in trait database ]
  Script location: file: common/scripted_triggers/awow_parent_trait_triggers.txt line: 11 (awow_both_parents_have_trait_trigger[args#1841718397])

[23:41:42][E][jomini_script_system.cpp:303]: Script system error!
  Error: has_trait trigger [ Cannot find exotic_beauty_good_3 in trait database ]
  Script location: file: common/scripted_triggers/awow_parent_trait_triggers.txt line: 10 (awow_both_parents_have_trait_trigger[args#4263641542])

[23:41:42][E][jomini_script_system.cpp:303]: Script system error!
  Error: has_trait trigger [ Cannot find exotic_beauty_good_3 in trait database ]
  Script location: file: common/scripted_triggers/awow_parent_trait_triggers.txt line: 11 (awow_both_parents_have_trait_trigger[args#4263641542])

[23:41:42][E][jomini_script_system.cpp:303]: Script system error!
  Error: has_trait trigger [ Cannot find royal_elf_thundarael in trait database ]
  Script location: file: common/scripted_triggers/awow_parent_trait_triggers.txt line: 10 (awow_both_parents_have_trait_trigger[args#3589327169])

[23:41:42][E][jomini_script_system.cpp:303]: Script system error!
  Error: has_trait trigger [ Cannot find royal_elf_thundarael in trait database ]
  Script location: file: common/scripted_triggers/awow_parent_trait_triggers.txt line: 11 (awow_both_parents_have_trait_trigger[args#3589327169])

[23:41:42][E][jomini_script_system.cpp:303]: Script system error!
  Error: has_trait trigger [ Cannot find magic_talent_2 in trait database ]
  Script location: file: common/scripted_triggers/awow_parent_trait_triggers.txt line: 10 (awow_both_parents_have_trait_trigger[args#187841176])

[23:41:42][E][jomini_script_system.cpp:303]: Script system error!
  Error: has_trait trigger [ Cannot find magic_talent_2 in trait database ]
  Script location: file: common/scripted_triggers/awow_parent_trait_triggers.txt line: 11 (awow_both_parents_have_trait_trigger[args#187841176])

[23:41:42][E][jomini_script_system.cpp:303]: Script system error!
  Error: has_trait trigger [ Cannot find royal_elf_gwynthorn in trait database ]
  Script location: file: common/scripted_triggers/awow_parent_trait_triggers.txt line: 10 (awow_both_parents_have_trait_trigger[args#755475917])

[23:41:42][E][jomini_script_system.cpp:303]: Script system error!
  Error: has_trait trigger [ Cannot find royal_elf_gwynthorn in trait database ]
  Script location: file: common/scripted_triggers/awow_parent_trait_triggers.txt line: 11 (awow_both_parents_have_trait_trigger[args#755475917])

[23:41:42][E][jomini_script_system.cpp:303]: Script system error!
  Error: has_trait trigger [ Cannot find royal_elf_daelurin in trait database ]
  Script location: file: common/scripted_triggers/awow_parent_trait_triggers.txt line: 10 (awow_both_parents_have_trait_trigger[args#3403581901])

[23:41:42][E][jomini_script_system.cpp:303]: Script system error!
  Error: has_trait trigger [ Cannot find royal_elf_daelurin in trait database ]
  Script location: file: common/scripted_triggers/awow_parent_trait_triggers.txt line: 11 (awow_both_parents_have_trait_trigger[args#3403581901])

[23:41:42][E][jomini_script_system.cpp:303]: Script system error!
  Error: has_trait trigger [ Cannot find unconventional_beauty_good_3 in trait database ]
  Script location: file: common/scripted_triggers/awow_parent_trait_triggers.txt line: 10 (awow_both_parents_have_trait_trigger[args#1223744342])

[23:41:42][E][jomini_script_system.cpp:303]: Script system error!
  Error: has_trait trigger [ Cannot find unconventional_beauty_good_3 in trait database ]
  Script location: file: common/scripted_triggers/awow_parent_trait_triggers.txt line: 11 (awow_both_parents_have_trait_trigger[args#1223744342])

[23:41:42][E][jomini_script_system.cpp:303]: Script system error!
  Error: has_trait trigger [ Cannot find beauty_good_4 in trait database ]
  Script location: file: common/scripted_triggers/awow_parent_trait_triggers.txt line: 10 (awow_both_parents_have_trait_trigger[args#2720977003])

[23:41:42][E][jomini_script_system.cpp:303]: Script system error!
  Error: has_trait trigger [ Cannot find beauty_good_4 in trait database ]
  Script location: file: common/scripted_triggers/awow_parent_trait_triggers.txt line: 11 (awow_both_parents_have_trait_trigger[args#2720977003])

[23:41:42][E][jomini_script_system.cpp:303]: Script system error!
  Error: has_trait trigger [ Cannot find royal_elf_lormelis in trait database ]
  Script location: file: common/scripted_triggers/awow_parent_trait_triggers.txt line: 10 (awow_both_parents_have_trait_trigger[args#1120082023])

[23:41:42][E][jomini_script_system.cpp:303]: Script system error!
  Error: has_trait trigger [ Cannot find royal_elf_lormelis in trait database ]
  Script location: file: common/scripted_triggers/awow_parent_trait_triggers.txt line: 11 (awow_both_parents_have_trait_trigger[args#1120082023])

[23:41:42][E][jomini_script_system.cpp:303]: Script system error!
  Error: has_trait trigger [ Cannot find royal_elf_valerith in trait database ]
  Script location: file: common/scripted_triggers/awow_parent_trait_triggers.txt line: 10 (awow_both_parents_have_trait_trigger[args#4035587105])

[23:41:42][E][jomini_script_system.cpp:303]: Script system error!
  Error: has_trait trigger [ Cannot find royal_elf_valerith in trait database ]
  Script location: file: common/scripted_triggers/awow_parent_trait_triggers.txt line: 11 (awow_both_parents_have_trait_trigger[args#4035587105])

[23:41:42][E][jomini_script_system.cpp:303]: Script system error!
  Error: can_have_children_with trigger [ Scripted trigger should have no arguments ]
  Script location: file: common/character_interactions/00_marriage_interactions.txt line: 2529 (ai_make_concubine_interaction:ai_will_do)

[23:41:42][E][jomini_script_system.cpp:303]: Script system error!
  Error: can_have_children_with trigger [ Scripted trigger should have no arguments ]
  Script location: file: common/character_interactions/00_marriage_interactions.txt line: 2539 (ai_make_concubine_interaction:ai_will_do)

[23:41:42][E][jomini_script_system.cpp:303]: Script system error!
  Error: can_have_children_with trigger [ Scripted trigger should have no arguments ]
  Script location: file: common/character_interactions/00_marriage_interactions.txt line: 2565 (ai_make_concubine_interaction:ai_will_do)

[23:41:42][E][jomini_script_system.cpp:303]: Script system error!
  Error: can_have_children_with trigger [ Scripted trigger should have no arguments ]
  Script location: file: common/character_interactions/00_marriage_interactions.txt line: 2593 (ai_make_concubine_interaction:ai_will_do)

[23:41:42][E][jomini_script_system.cpp:303]: Script system error!
  Error: can_have_children_with trigger [ Scripted trigger should have no arguments ]
  Script location: file: common/character_interactions/00_marriage_interactions.txt line: 3117 (offer_concubine:ai_accept)

[23:41:42][E][jomini_script_system.cpp:303]: Script system error!
  Error: can_have_children_with trigger [ Scripted trigger should have no arguments ]
  Script location: file: common/character_interactions/tgp_tribute_mission_interactions.txt line: 537 (tribute_mission_concubine_interaction:ai_accept)

[23:41:42][E][jomini_script_system.cpp:303]: Script system error!
  Error: can_have_children_with trigger [ Scripted trigger should have no arguments ]
  Script location: file: events/dlc/ep3/ep3_travel_option_events.txt line: 3556 (ep3_travel_option_events.0002:trigger)

[23:41:42][E][jomini_script_system.cpp:303]: Script system error!
  Error: can_have_children_with trigger [ Scripted trigger should have no arguments ]
  Script location: file: events/dlc/ep3/ep3_travel_option_events.txt line: 3599 (ep3_travel_option_events.0002:immediate)

[23:41:42][E][jomini_script_system.cpp:303]: Script system error!
  Error: can_have_children_with trigger [ Scripted trigger should have no arguments ]
  Script location: file: events/dlc/ep3/ep3_travel_option_events.txt line: 3652 (ep3_travel_option_events.0002:immediate)

[23:41:42][E][jomini_script_system.cpp:303]: Script system error!
  Error: can_have_children_with trigger [ Scripted trigger should have no arguments ]
  Script location: file: events/interaction_events/marriage_interaction_events.txt line: 844 (marriage_interaction.0010)

[23:41:42][E][jomini_script_system.cpp:303]: Script system error!
  Error: can_have_children_with trigger [ Scripted trigger should have no arguments ]
  Script location: file: events/interaction_events/marriage_interaction_events.txt line: 860 (marriage_interaction.0010)

[23:41:42][E][jomini_script_system.cpp:303]: Script system error!
  Error: can_have_children_with trigger [ Scripted trigger should have no arguments ]
  Script location: file: events/interaction_events/marriage_interaction_events.txt line: 876 (marriage_interaction.0010)

[23:41:42][E][jomini_script_system.cpp:303]: Script system error!
  Error: can_have_children_with trigger [ Scripted trigger should have no arguments ]
  Script location: file: common/on_action/yearly_on_actions.txt line: 2729 (five_year_everyone_pulse)

[23:41:42][E][jomini_script_system.cpp:303]: Script system error!
  Error: can_have_children_with trigger [ Scripted trigger should have no arguments ]
  Script location: file: common/on_action/yearly_on_actions.txt line: 2741 (five_year_everyone_pulse)

[23:41:42][E][jomini_script_system.cpp:303]: Script system error!
  Error: can_have_children_with trigger [ Scripted trigger should have no arguments ]
  Script location: file: common/story_cycles/ep3_story_cycle_adventurer_ai_contract.txt line: 1384 (story_adventurer_ai:effect)

[23:41:42][E][jomini_script_system.cpp:303]: Script system error!
  Error: can_have_children_with trigger [ Scripted trigger should have no arguments ]
  Script location: file: common/story_cycles/ep3_story_cycle_adventurer_ai_contract.txt line: 1405 (story_adventurer_ai:effect)

[23:41:42][E][jomini_script_system.cpp:303]: Script system error!
  Error: can_have_children_with trigger [ Scripted trigger should have no arguments ]
  Script location: file: common/story_cycles/ep3_story_cycle_adventurer_ai_contract.txt line: 1496 (story_adventurer_ai:effect)

[23:41:42][E][jomini_script_system.cpp:303]: Script system error!
  Error: can_have_children_with trigger [ Scripted trigger should have no arguments ]
  Script location: file: common/story_cycles/ep3_story_cycle_adventurer_ai_contract.txt line: 1515 (story_adventurer_ai:effect)

[23:41:42][E][jomini_script_system.cpp:303]: Script system error!
  Error: has_game_rule trigger [ Invalid database object 'elf_dest_debug_menu_turned_off' ]
  Script location: file: common/scripted_triggers/awow_compatibility_triggers.txt line: 3 (awow_using_elf_destiny_trigger)

[23:41:42][E][jomini_script_system.cpp:303]: Script system error!
  Error: has_game_rule trigger [ Invalid database object 'elf_dest_debug_menu_turned_on' ]
  Script location: file: common/scripted_triggers/awow_compatibility_triggers.txt line: 4 (awow_using_elf_destiny_trigger)

[23:42:11][I][generatefrombookmarkidlerlogic.cpp:105]: Staring generate game state from bookmark task
[23:42:11][I][gamestate.cpp:1063]: Start running through history.
[23:42:16][I][gamestate.cpp:1173]: Completed running through history.
[23:42:16][I][gamestate.cpp:1182]: Start running through post-history.
[23:42:18][I][gamestate.cpp:1241]: Completed running through post-history.
[23:42:18][I][generatefrombookmarkidlerlogic.cpp:127]: Completed generating game state from bookmark task
[23:42:29][E][confederation.cpp:590]: Character 'Iyamasu Miyaji of c_kii (Internal ID: 11098 - Historical ID japanese_miyaji_1)' is not allowed to join confederation 'Hok-ke Bloc (Id: 0)'.
[23:42:34][E][jomini_script_system.cpp:303]: Script system error!
  Error: start_war effect [ target character is not a ruler, cannot start a war: Boris Balgarsko of  (Internal ID: 12158 - Historical ID 70382) ]
  Script location: file: events/game_rule_events.txt line: 363 (game_rule.1011:immediate)
    file: common/on_action/zzz_carn_character_initialization_pulse.txt line: 6 (on_game_start_after_lobby)

[23:42:34][W][character.cpp:1803]: Failed to find title flavorization for title 'null' and character 'Yichao_8B70_6F6E Zhang of  (Internal ID: 9856 - Historical ID 206811)' of dynasty 'Zhang', defaulting to LocalizedHonorifics (may go in infinite loop)
[23:42:34][E][landed_title_name_util.cpp:853]: Failed to find any valid flavorization for title 
[23:42:34][E][character.cpp:1813]: Failed to find any valid flavorization for character 'Yìcháo Zhang' using title 'ONCLICK:TITLE,4294967295 TOOLTIP:LANDED_TITLE,4294967295 L; None of !!!'
[23:42:34][W][character.cpp:1803]: Failed to find title flavorization for title 'null' and character 'Boris Balgarsko of  (Internal ID: 12158 - Historical ID 70382)' of dynasty 'Balgarsko', defaulting to LocalizedHonorifics (may go in infinite loop)
[23:42:34][W][character.cpp:1803]: Failed to find title flavorization for title 'null' and character 'Ashot Bagratuni of  (Internal ID: 11545 - Historical ID 41505)' of dynasty 'Bagratuni', defaulting to LocalizedHonorifics (may go in infinite loop)
[23:42:34][E][character.cpp:1813]: Failed to find any valid flavorization for character 'Ashot Bagratuni' using title 'ONCLICK:TITLE,2186 TOOLTIP:LANDED_TITLE,2186 L; Kingdom of Old Armenia!!!'
[23:42:34][W][character.cpp:1803]: Failed to find title flavorization for title 'null' and character 'Bilge Karakhanid of  (Internal ID: 12748 - Historical ID 34872)' of dynasty 'Karakhanid', defaulting to LocalizedHonorifics (may go in infinite loop)
[23:42:34][E][landed_title_name_util.cpp:853]: Failed to find any valid flavorization for title 
[23:42:34][E][character.cpp:1813]: Failed to find any valid flavorization for character 'Bilge Karakhanid' using title 'ONCLICK:TITLE,4294967295 TOOLTIP:LANDED_TITLE,4294967295 L; None of !!!'
[23:42:34][W][character.cpp:1803]: Failed to find title flavorization for title 'null' and character 'Kurush Yoishta of  (Internal ID: 11765 - Historical ID 74031)' of dynasty 'Yoishta', defaulting to LocalizedHonorifics (may go in infinite loop)
[23:42:34][E][landed_title_name_util.cpp:853]: Failed to find any valid flavorization for title 
[23:42:34][E][character.cpp:1813]: Failed to find any valid flavorization for character 'Kurush Yoishta' using title 'ONCLICK:TITLE,4294967295 TOOLTIP:LANDED_TITLE,4294967295 L; None of !!!'
[23:42:34][W][character.cpp:1803]: Failed to find title flavorization for title 'null' and character 'Nasr Samanid of  (Internal ID: 12857 - Historical ID 163099)' of dynasty 'Samanid', defaulting to LocalizedHonorifics (may go in infinite loop)
[23:42:34][E][character.cpp:1813]: Failed to find any valid flavorization for character 'Nasr Samanid' using title 'ONCLICK:TITLE,5845 TOOLTIP:LANDED_TITLE,5845 L; Vilāyah of Samarkand!!!'
[23:42:34][W][character.cpp:1803]: Failed to find title flavorization for title 'null' and character 'Muhammad Tahirid of  (Internal ID: 14250 - Historical ID 163100)' of dynasty 'Tahirid', defaulting to LocalizedHonorifics (may go in infinite loop)
[23:42:34][E][landed_title_name_util.cpp:853]: Failed to find any valid flavorization for title 
[23:42:34][E][character.cpp:1813]: Failed to find any valid flavorization for character 'Muhammad Tahirid' using title 'ONCLICK:TITLE,4294967295 TOOLTIP:LANDED_TITLE,4294967295 L; None of !!!'
[23:42:34][W][character.cpp:1803]: Failed to find title flavorization for title 'null' and character 'Ya_qub Saffarid of  (Internal ID: 14162 - Historical ID 163101)' of dynasty 'Saffarid', defaulting to LocalizedHonorifics (may go in infinite loop)
[23:42:34][E][landed_title_name_util.cpp:853]: Failed to find any valid flavorization for title 
[23:42:34][E][character.cpp:1813]: Failed to find any valid flavorization for character 'Ya'qub Saffarid' using title 'ONCLICK:TITLE,4294967295 TOOLTIP:LANDED_TITLE,4294967295 L; None of !!!'
[23:42:34][W][character.cpp:1803]: Failed to find title flavorization for title 'null' and character 'Yahya Idrisid of  (Internal ID: 14868 - Historical ID 159506)' of dynasty 'Idrisid', defaulting to LocalizedHonorifics (may go in infinite loop)
[23:42:34][W][character.cpp:1803]: Failed to find title flavorization for title 'null' and character 'Umar Habbari of  (Internal ID: 11841 - Historical ID 175050)' of dynasty 'Habbari', defaulting to LocalizedHonorifics (may go in infinite loop)
[23:42:34][E][landed_title_name_util.cpp:853]: Failed to find any valid flavorization for title 
[23:42:34][E][character.cpp:1813]: Failed to find any valid flavorization for character 'Umar Habbari' using title 'ONCLICK:TITLE,4294967295 TOOLTIP:LANDED_TITLE,4294967295 L; None of !!!'
[23:42:34][W][character.cpp:1803]: Failed to find title flavorization for title 'null' and character 'Balavarman Mlechchha of  (Internal ID: 5372 - Historical ID 190042)' of dynasty 'Mlechchha', defaulting to LocalizedHonorifics (may go in infinite loop)
[23:42:34][W][character.cpp:1803]: Failed to find title flavorization for title 'null' and character 'Govinda Rashtrakuta of  (Internal ID: 5296 - Historical ID 74414)' of dynasty 'Rashtrakuta', defaulting to LocalizedHonorifics (may go in infinite loop)
[23:42:35][W][council_task.cpp:553]: Councillor (Giselbert Reginar of c_brabant (Internal ID: 11799 - Historical ID 7815)) has active task 'task_spouse_default' but the manager believes it has 'task_organize_levies'
[23:42:35][W][council_task.cpp:553]: Councillor (Poppo Babenberger of c_orlamunde (Internal ID: 13709 - Historical ID 33428)) has active task 'task_spouse_default' but the manager believes it has 'task_organize_levies'
