[03:25:06][D][commanddispatcher.cpp:78]: Invalid command. ID: 111, Type: select_commander, Recipient: BROADCAST
[03:25:06][D][commanddispatcher.cpp:73]: Command data: ID: 111, Type: select_commander, Recipient: BROADCAST, Message: 'select_commander={
	default_state={
		identity=111
		sender=1
		receiver=0
		attribs=0
	}
	object={
		valid_for=ai
		character=31502
		army=3
	}
}
'
[03:25:06][D][commanddispatcher.cpp:78]: Invalid command. ID: 137, Type: select_commander, Recipient: BROADCAST
[03:25:06][D][commanddispatcher.cpp:73]: Command data: ID: 137, Type: select_commander, Recipient: BROADCAST, Message: 'select_commander={
	default_state={
		identity=137
		sender=1
		receiver=0
		attribs=0
	}
	object={
		valid_for=ai
		character=32063
		army=17
	}
}
'
[03:25:06][D][commanddispatcher.cpp:78]: Invalid command. ID: 155, Type: create_random_accolade, Recipient: BROADCAST
[03:25:06][D][commanddispatcher.cpp:73]: Command data: ID: 155, Type: create_random_accolade, Recipient: BROADCAST, Message: 'create_random_accolade={
	default_state={
		identity=155
		sender=1
		receiver=0
		attribs=0
	}
	object={
		acclaimed=45134
		liege=34908
	}
}
'
[03:25:06][D][commanddispatcher.cpp:78]: Invalid command. ID: 173, Type: create_random_accolade, Recipient: BROADCAST
[03:25:06][D][commanddispatcher.cpp:73]: Command data: ID: 173, Type: create_random_accolade, Recipient: BROADCAST, Message: 'create_random_accolade={
	default_state={
		identity=173
		sender=1
		receiver=0
		attribs=0
	}
	object={
		acclaimed=43729
		liege=36709
	}
}
'
[03:25:06][D][commanddispatcher.cpp:78]: Invalid command. ID: 176, Type: select_commander, Recipient: BROADCAST
[03:25:06][D][commanddispatcher.cpp:73]: Command data: ID: 176, Type: select_commander, Recipient: BROADCAST, Message: 'select_commander={
	default_state={
		identity=176
		sender=1
		receiver=0
		attribs=0
	}
	object={
		valid_for=ai
		character=29482
		army=7
	}
}
'
[03:25:06][D][commanddispatcher.cpp:92]: There's a lot of outgoing commands now (520). This will affect performance.
[03:25:06][D][commanddispatcher.cpp:78]: Invalid command. ID: 736, Type: create_random_accolade, Recipient: BROADCAST
[03:25:06][D][commanddispatcher.cpp:73]: Command data: ID: 736, Type: create_random_accolade, Recipient: BROADCAST, Message: 'create_random_accolade={
	default_state={
		identity=736
		sender=1
		receiver=0
		attribs=0
	}
	object={
		acclaimed=35451
		liege=35663
	}
}
'
[03:25:06][D][commanddispatcher.cpp:78]: Invalid command. ID: 746, Type: create_random_accolade, Recipient: BROADCAST
[03:25:06][D][commanddispatcher.cpp:73]: Command data: ID: 746, Type: create_random_accolade, Recipient: BROADCAST, Message: 'create_random_accolade={
	default_state={
		identity=746
		sender=1
		receiver=0
		attribs=0
	}
	object={
		acclaimed=44299
		liege=35993
	}
}
'
[03:25:06][D][commanddispatcher.cpp:78]: Invalid command. ID: 764, Type: create_random_accolade, Recipient: BROADCAST
[03:25:06][D][commanddispatcher.cpp:73]: Command data: ID: 764, Type: create_random_accolade, Recipient: BROADCAST, Message: 'create_random_accolade={
	default_state={
		identity=764
		sender=1
		receiver=0
		attribs=0
	}
	object={
		acclaimed=43331
		liege=34824
	}
}
'
[03:25:07][D][commanddispatcher.cpp:78]: Invalid command. ID: 863, Type: create_random_accolade, Recipient: BROADCAST
[03:25:07][D][commanddispatcher.cpp:73]: Command data: ID: 863, Type: create_random_accolade, Recipient: BROADCAST, Message: 'create_random_accolade={
	default_state={
		identity=863
		sender=1
		receiver=0
		attribs=0
	}
	object={
		acclaimed=44263
		liege=33029
	}
}
'
[03:25:07][D][commanddispatcher.cpp:92]: There's a lot of outgoing commands now (584). This will affect performance.
[03:25:07][D][commanddispatcher.cpp:78]: Invalid command. ID: 1513, Type: create_random_accolade, Recipient: BROADCAST
[03:25:07][D][commanddispatcher.cpp:73]: Command data: ID: 1513, Type: create_random_accolade, Recipient: BROADCAST, Message: 'create_random_accolade={
	default_state={
		identity=1513
		sender=1
		receiver=0
		attribs=0
	}
	object={
		acclaimed=43015
		liege=36552
	}
}
'
[03:25:07][D][commanddispatcher.cpp:78]: Invalid command. ID: 1562, Type: raise_troops, Recipient: BROADCAST
[03:25:07][D][commanddispatcher.cpp:73]: Command data: ID: 1562, Type: raise_troops, Recipient: BROADCAST, Message: 'raise_troops={
	default_state={
		identity=1562
		sender=1
		receiver=0
		attribs=0
	}
	object={
		character=35841
		rally_points={ {
				province=7664
				color=0
			}
 }
		raise_army_type=raid
	}
}
'
[03:25:07][D][commanddispatcher.cpp:92]: There's a lot of outgoing commands now (632). This will affect performance.
[03:25:07][D][commanddispatcher.cpp:78]: Invalid command. ID: 1607, Type: create_faction, Recipient: BROADCAST
[03:25:07][D][commanddispatcher.cpp:73]: Command data: ID: 1607, Type: create_faction, Recipient: BROADCAST, Message: 'create_faction={
	default_state={
		identity=1607
		sender=1
		receiver=0
		attribs=0
	}
	object={
		faction_type=6
		character=30673
		target=34338
	}
}
'
[03:25:07][D][commanddispatcher.cpp:78]: Invalid command. ID: 1651, Type: create_faction, Recipient: BROADCAST
[03:25:07][D][commanddispatcher.cpp:73]: Command data: ID: 1651, Type: create_faction, Recipient: BROADCAST, Message: 'create_faction={
	default_state={
		identity=1651
		sender=1
		receiver=0
		attribs=0
	}
	object={
		faction_type=6
		character=36435
		target=32458
	}
}
'
[03:25:07][D][commanddispatcher.cpp:78]: Invalid command. ID: 1845, Type: raise_troops, Recipient: BROADCAST
[03:25:07][D][commanddispatcher.cpp:73]: Command data: ID: 1845, Type: raise_troops, Recipient: BROADCAST, Message: 'raise_troops={
	default_state={
		identity=1845
		sender=1
		receiver=0
		attribs=0
	}
	object={
		character=34821
		rally_points={ {
				province=11605
				color=0
			}
 }
		raise_army_type=raid
	}
}
'
[03:25:07][D][commanddispatcher.cpp:78]: Invalid command. ID: 2214, Type: tax_slot_ai_update, Recipient: BROADCAST
[03:25:07][D][commanddispatcher.cpp:73]: Command data: ID: 2214, Type: tax_slot_ai_update, Recipient: BROADCAST, Message: 'tax_slot_ai_update={
	default_state={
		identity=2214
		sender=1
		receiver=0
		attribs=0
	}
	object={
		tax_slot=24
		obligation=default_tax_collector
		tax_collector=34837
		vassals={ 43530 }
	}
}
'
[03:25:11][D][commanddispatcher.cpp:78]: Invalid command. ID: 2337, Type: send_character_interaction, Recipient: BROADCAST
[03:25:11][D][commanddispatcher.cpp:73]: Command data: ID: 2337, Type: send_character_interaction, Recipient: BROADCAST, Message: 'send_character_interaction={
	default_state={
		identity=2337
		sender=1
		receiver=0
		attribs=0
	}
	object={
		character_interaction={
			character_interaction=seduce_interaction			scope={
				root={
				}

				seed=1492394516
				event_targets={
					actor={
						type=char
						identity=30579
					}

					recipient={
						type=char
						identity=55839
					}

					secondary_actor={
						type=char
						identity=4294967295
					}

					secondary_recipient={
						type=char
						identity=4294967295
					}

					intermediary={
						type=char
						identity=4294967295
					}

				}

			}

			original_scope={
				root={
				}

				seed=1492394516
			}

			actor=30579
			recipient=55839
		}

		ai_intermediary_accept=100
		ai_accept=1
	}
}
'
[03:25:13][D][commanddispatcher.cpp:78]: Invalid command. ID: 2360, Type: create_random_accolade, Recipient: BROADCAST
[03:25:13][D][commanddispatcher.cpp:73]: Command data: ID: 2360, Type: create_random_accolade, Recipient: BROADCAST, Message: 'create_random_accolade={
	default_state={
		identity=2360
		sender=1
		receiver=0
		attribs=0
	}
	object={
		acclaimed=29852
		liege=28472
	}
}
'
[03:25:13][D][commanddispatcher.cpp:78]: Invalid command. ID: 2375, Type: create_random_accolade, Recipient: BROADCAST
[03:25:13][D][commanddispatcher.cpp:73]: Command data: ID: 2375, Type: create_random_accolade, Recipient: BROADCAST, Message: 'create_random_accolade={
	default_state={
		identity=2375
		sender=1
		receiver=0
		attribs=0
	}
	object={
		acclaimed=35885
		liege=34115
	}
}
'
[03:25:13][D][commanddispatcher.cpp:92]: There's a lot of outgoing commands now (647). This will affect performance.
[03:25:13][D][commanddispatcher.cpp:78]: Invalid command. ID: 2525, Type: select_maa_origin_province, Recipient: BROADCAST
[03:25:13][D][commanddispatcher.cpp:73]: Command data: ID: 2525, Type: select_maa_origin_province, Recipient: BROADCAST, Message: 'select_maa_origin_province={
	default_state={
		identity=2525
		sender=1
		receiver=0
		attribs=0
	}
	object={
		regiment=16001
		province=8246
	}
}
'
[03:25:13][D][commanddispatcher.cpp:78]: Invalid command. ID: 2713, Type: select_maa_origin_province, Recipient: BROADCAST
[03:25:13][D][commanddispatcher.cpp:73]: Command data: ID: 2713, Type: select_maa_origin_province, Recipient: BROADCAST, Message: 'select_maa_origin_province={
	default_state={
		identity=2713
		sender=1
		receiver=0
		attribs=0
	}
	object={
		regiment=15387
		province=5691
	}
}
'
[03:25:13][D][commanddispatcher.cpp:78]: Invalid command. ID: 3087, Type: create_random_accolade, Recipient: BROADCAST
[03:25:13][D][commanddispatcher.cpp:73]: Command data: ID: 3087, Type: create_random_accolade, Recipient: BROADCAST, Message: 'create_random_accolade={
	default_state={
		identity=3087
		sender=1
		receiver=0
		attribs=0
	}
	object={
		acclaimed=52560
		liege=34863
	}
}
'
[03:25:13][D][commanddispatcher.cpp:78]: Invalid command. ID: 3151, Type: send_character_interaction, Recipient: BROADCAST
[03:25:13][D][commanddispatcher.cpp:73]: Command data: ID: 3151, Type: send_character_interaction, Recipient: BROADCAST, Message: 'send_character_interaction={
	default_state={
		identity=3151
		sender=1
		receiver=0
		attribs=0
	}
	object={
		character_interaction={
			character_interaction=transfer_large_gold_amount_to_treasury_interaction			scope={
				root={
				}

				seed=876610724
				event_targets={
					actor={
						type=char
						identity=27735
					}

					recipient={
						type=char
						identity=27735
					}

					secondary_actor={
						type=char
						identity=4294967295
					}

					secondary_recipient={
						type=char
						identity=4294967295
					}

					intermediary={
						type=char
						identity=4294967295
					}

				}

			}

			original_scope={
				root={
				}

				seed=876610724
			}

			actor=27735
			recipient=27735
		}

		ai_intermediary_accept=100
		ai_accept=100
	}
}
'
[03:25:13][D][commanddispatcher.cpp:78]: Invalid command. ID: 3200, Type: join_activity_command, Recipient: BROADCAST
[03:25:13][D][commanddispatcher.cpp:73]: Command data: ID: 3200, Type: join_activity_command, Recipient: BROADCAST, Message: 'join_activity_command={
	default_state={
		identity=3200
		sender=1
		receiver=0
		attribs=0
	}
	object={
		activity=0
		character=27037
		travel_plan_draft_created={
			owner=27037
			companions={ {
					character=35935
					date=1066.10.24
					location=9687
					source=activity
				}
 {
					character=34957
					date=1066.10.24
					location=9687
					source=activity
				}
 }
			departure_date=-1.1.1
			departure_location=9687
			destinations={ 9780 9687 }
			waypoints={
				size=2
			}

			on_arrival={
			}

			on_start={
			}

			on_travel_planner_cancel={
			}

			scope={
				root={
				}

				seed=-1
			}

		}

	}
}
'
[03:25:13][D][commanddispatcher.cpp:78]: Invalid command. ID: 3201, Type: join_activity_command, Recipient: BROADCAST
[03:25:13][D][commanddispatcher.cpp:73]: Command data: ID: 3201, Type: join_activity_command, Recipient: BROADCAST, Message: 'join_activity_command={
	default_state={
		identity=3201
		sender=1
		receiver=0
		attribs=0
	}
	object={
		activity=0
		character=28877
		travel_plan_draft_created={
			owner=28877
			companions={ {
					character=35102
					date=1066.10.24
					location=9798
					source=activity
				}
 {
					character=31562
					date=1066.10.24
					location=9798
					source=activity
				}
 {
					character=34959
					date=1066.10.24
					location=9798
					source=activity
				}
 }
			departure_date=-1.1.1
			departure_location=9798
			destinations={ 9780 9798 }
			waypoints={
				size=2
			}

			on_arrival={
			}

			on_start={
			}

			on_travel_planner_cancel={
			}

			scope={
				root={
				}

				seed=-1
			}

		}

	}
}
'
[03:25:13][D][commanddispatcher.cpp:78]: Invalid command. ID: 3202, Type: join_activity_command, Recipient: BROADCAST
[03:25:13][D][commanddispatcher.cpp:73]: Command data: ID: 3202, Type: join_activity_command, Recipient: BROADCAST, Message: 'join_activity_command={
	default_state={
		identity=3202
		sender=1
		receiver=0
		attribs=0
	}
	object={
		activity=0
		character=28323
		travel_plan_draft_created={
			owner=28323
			companions={ {
					character=35321
					date=1066.10.24
					location=8981
					source=activity
				}
 }
			departure_date=-1.1.1
			departure_location=8981
			destinations={ 9780 8981 }
			waypoints={
				size=2
			}

			on_arrival={
			}

			on_start={
			}

			on_travel_planner_cancel={
			}

			scope={
				root={
				}

				seed=-1
			}

		}

	}
}
'
[03:25:13][D][commanddispatcher.cpp:78]: Invalid command. ID: 3203, Type: join_activity_command, Recipient: BROADCAST
[03:25:13][D][commanddispatcher.cpp:73]: Command data: ID: 3203, Type: join_activity_command, Recipient: BROADCAST, Message: 'join_activity_command={
	default_state={
		identity=3203
		sender=1
		receiver=0
		attribs=0
	}
	object={
		activity=0
		character=27606
		travel_plan_draft_created={
			owner=27606
			companions={ {
					character=30220
					date=1066.10.24
					location=10068
					source=activity
				}
 {
					character=30221
					date=1066.10.24
					location=10068
					source=activity
				}
 }
			departure_date=-1.1.1
			departure_location=10068
			destinations={ 9780 10068 }
			waypoints={
				size=2
			}

			on_arrival={
			}

			on_start={
			}

			on_travel_planner_cancel={
			}

			scope={
				root={
				}

				seed=-1
			}

		}

	}
}
'
[03:25:13][D][commanddispatcher.cpp:78]: Invalid command. ID: 3204, Type: join_activity_command, Recipient: BROADCAST
[03:25:13][D][commanddispatcher.cpp:73]: Command data: ID: 3204, Type: join_activity_command, Recipient: BROADCAST, Message: 'join_activity_command={
	default_state={
		identity=3204
		sender=1
		receiver=0
		attribs=0
	}
	object={
		activity=0
		character=27632
		travel_plan_draft_created={
			owner=27632
			companions={ {
					character=29132
					date=1066.10.24
					location=10310
					source=activity
				}
 {
					character=62521
					date=1066.10.24
					location=10310
					source=activity
				}
 {
					character=62518
					date=1066.10.24
					location=10310
					source=activity
				}
 }
			departure_date=-1.1.1
			departure_location=10310
			destinations={ 9780 10310 }
			waypoints={
				size=2
			}

			on_arrival={
			}

			on_start={
			}

			on_travel_planner_cancel={
			}

			scope={
				root={
				}

				seed=-1
			}

		}

	}
}
'
[03:25:13][D][commanddispatcher.cpp:78]: Invalid command. ID: 3205, Type: join_activity_command, Recipient: BROADCAST
[03:25:13][D][commanddispatcher.cpp:73]: Command data: ID: 3205, Type: join_activity_command, Recipient: BROADCAST, Message: 'join_activity_command={
	default_state={
		identity=3205
		sender=1
		receiver=0
		attribs=0
	}
	object={
		activity=0
		character=29943
		travel_plan_draft_created={
			owner=29943
			companions={ {
					character=35728
					date=1066.10.24
					location=10132
					source=activity
				}
 {
					character=30611
					date=1066.10.24
					location=10132
					source=activity
				}
 {
					character=63341
					date=1066.10.24
					location=10132
					source=activity
				}
 }
			departure_date=-1.1.1
			departure_location=10132
			destinations={ 9780 10132 }
			waypoints={
				size=2
			}

			on_arrival={
			}

			on_start={
			}

			on_travel_planner_cancel={
			}

			scope={
				root={
				}

				seed=-1
			}

		}

	}
}
'
[03:25:13][D][commanddispatcher.cpp:78]: Invalid command. ID: 3206, Type: join_activity_command, Recipient: BROADCAST
[03:25:13][D][commanddispatcher.cpp:73]: Command data: ID: 3206, Type: join_activity_command, Recipient: BROADCAST, Message: 'join_activity_command={
	default_state={
		identity=3206
		sender=1
		receiver=0
		attribs=0
	}
	object={
		activity=0
		character=27884
		travel_plan_draft_created={
			owner=27884
			companions={ {
					character=32770
					date=1066.10.24
					location=8877
					source=activity
				}
 {
					character=31977
					date=1066.10.24
					location=8877
					source=activity
				}
 }
			departure_date=-1.1.1
			departure_location=8877
			destinations={ 9780 8877 }
			waypoints={
				size=2
			}

			on_arrival={
			}

			on_start={
			}

			on_travel_planner_cancel={
			}

			scope={
				root={
				}

				seed=-1
			}

		}

	}
}
'
[03:25:13][D][commanddispatcher.cpp:78]: Invalid command. ID: 3207, Type: join_activity_command, Recipient: BROADCAST
[03:25:13][D][commanddispatcher.cpp:73]: Command data: ID: 3207, Type: join_activity_command, Recipient: BROADCAST, Message: 'join_activity_command={
	default_state={
		identity=3207
		sender=1
		receiver=0
		attribs=0
	}
	object={
		activity=0
		character=27848
		travel_plan_draft_created={
			owner=27848
			companions={ {
					character=62658
					date=1066.10.24
					location=8891
					source=activity
				}
 {
					character=62661
					date=1066.10.24
					location=8891
					source=activity
				}
 {
					character=62659
					date=1066.10.24
					location=8891
					source=activity
				}
 }
			departure_date=-1.1.1
			departure_location=8891
			destinations={ 9780 8891 }
			waypoints={
				size=2
			}

			on_arrival={
			}

			on_start={
			}

			on_travel_planner_cancel={
			}

			scope={
				root={
				}

				seed=-1
			}

		}

	}
}
'
[03:25:13][D][commanddispatcher.cpp:78]: Invalid command. ID: 3208, Type: join_activity_command, Recipient: BROADCAST
[03:25:13][D][commanddispatcher.cpp:73]: Command data: ID: 3208, Type: join_activity_command, Recipient: BROADCAST, Message: 'join_activity_command={
	default_state={
		identity=3208
		sender=1
		receiver=0
		attribs=0
	}
	object={
		activity=0
		character=27114
		travel_plan_draft_created={
			owner=27114
			companions={ {
					character=62334
					date=1066.10.24
					location=10187
					source=activity
				}
 {
					character=62338
					date=1066.10.24
					location=10187
					source=activity
				}
 {
					character=62339
					date=1066.10.24
					location=10187
					source=activity
				}
 }
			departure_date=-1.1.1
			departure_location=10187
			destinations={ 9780 10187 }
			waypoints={
				size=2
			}

			on_arrival={
			}

			on_start={
			}

			on_travel_planner_cancel={
			}

			scope={
				root={
				}

				seed=-1
			}

		}

	}
}
'
[03:25:13][D][commanddispatcher.cpp:78]: Invalid command. ID: 3209, Type: join_activity_command, Recipient: BROADCAST
[03:25:13][D][commanddispatcher.cpp:73]: Command data: ID: 3209, Type: join_activity_command, Recipient: BROADCAST, Message: 'join_activity_command={
	default_state={
		identity=3209
		sender=1
		receiver=0
		attribs=0
	}
	object={
		activity=0
		character=28985
		travel_plan_draft_created={
			owner=28985
			companions={ {
					character=63149
					date=1066.10.24
					location=10423
					source=activity
				}
 {
					character=63151
					date=1066.10.24
					location=10423
					source=activity
				}
 {
					character=63150
					date=1066.10.24
					location=10423
					source=activity
				}
 }
			departure_date=-1.1.1
			departure_location=10423
			destinations={ 9780 10423 }
			waypoints={
				size=2
			}

			on_arrival={
			}

			on_start={
			}

			on_travel_planner_cancel={
			}

			scope={
				root={
				}

				seed=-1
			}

		}

	}
}
'
[03:25:13][D][commanddispatcher.cpp:78]: Invalid command. ID: 3210, Type: join_activity_command, Recipient: BROADCAST
[03:25:13][D][commanddispatcher.cpp:73]: Command data: ID: 3210, Type: join_activity_command, Recipient: BROADCAST, Message: 'join_activity_command={
	default_state={
		identity=3210
		sender=1
		receiver=0
		attribs=0
	}
	object={
		activity=0
		character=27616
		travel_plan_draft_created={
			owner=27616
			companions={ {
					character=64188
					date=1066.10.24
					location=10124
					source=activity
				}
 }
			departure_date=-1.1.1
			departure_location=10124
			destinations={ 9780 10124 }
			waypoints={
				size=2
			}

			on_arrival={
			}

			on_start={
			}

			on_travel_planner_cance